Archive member included to satisfy reference by file (symbol)

/home/kripa432/Code/sgx/graphene/LibOS/glibc-build/libc_pic.a(check_fds.os)
                              /home/kripa432/Code/sgx/graphene/LibOS/glibc-build/elf/dl-allobjs.os (__libc_check_standard_fds)
/home/kripa432/Code/sgx/graphene/LibOS/glibc-build/libc_pic.a(errno.os)
                              /home/kripa432/Code/sgx/graphene/LibOS/glibc-build/libc_pic.a(check_fds.os) (__libc_errno)
/home/kripa432/Code/sgx/graphene/LibOS/glibc-build/libc_pic.a(setjmp.os)
                              /home/kripa432/Code/sgx/graphene/LibOS/glibc-build/elf/dl-allobjs.os (__sigsetjmp)
/home/kripa432/Code/sgx/graphene/LibOS/glibc-build/libc_pic.a(__longjmp.os)
                              /home/kripa432/Code/sgx/graphene/LibOS/glibc-build/elf/dl-allobjs.os (__longjmp)
/home/kripa432/Code/sgx/graphene/LibOS/glibc-build/libc_pic.a(strchr.os)
                              /home/kripa432/Code/sgx/graphene/LibOS/glibc-build/elf/dl-allobjs.os (strchr)
/home/kripa432/Code/sgx/graphene/LibOS/glibc-build/libc_pic.a(strcmp.os)
                              /home/kripa432/Code/sgx/graphene/LibOS/glibc-build/elf/dl-allobjs.os (strcmp)
/home/kripa432/Code/sgx/graphene/LibOS/glibc-build/libc_pic.a(strdup.os)
                              /home/kripa432/Code/sgx/graphene/LibOS/glibc-build/elf/dl-allobjs.os (__strdup)
/home/kripa432/Code/sgx/graphene/LibOS/glibc-build/libc_pic.a(strlen.os)
                              /home/kripa432/Code/sgx/graphene/LibOS/glibc-build/elf/dl-allobjs.os (strlen)
/home/kripa432/Code/sgx/graphene/LibOS/glibc-build/libc_pic.a(strnlen.os)
                              /home/kripa432/Code/sgx/graphene/LibOS/glibc-build/elf/dl-allobjs.os (strnlen)
/home/kripa432/Code/sgx/graphene/LibOS/glibc-build/libc_pic.a(memchr.os)
                              /home/kripa432/Code/sgx/graphene/LibOS/glibc-build/elf/dl-allobjs.os (memchr)
/home/kripa432/Code/sgx/graphene/LibOS/glibc-build/libc_pic.a(memcmp.os)
                              /home/kripa432/Code/sgx/graphene/LibOS/glibc-build/elf/dl-allobjs.os (memcmp)
/home/kripa432/Code/sgx/graphene/LibOS/glibc-build/libc_pic.a(memmove.os)
                              /home/kripa432/Code/sgx/graphene/LibOS/glibc-build/elf/dl-allobjs.os (memmove)
/home/kripa432/Code/sgx/graphene/LibOS/glibc-build/libc_pic.a(memset.os)
                              /home/kripa432/Code/sgx/graphene/LibOS/glibc-build/elf/dl-allobjs.os (memset)
/home/kripa432/Code/sgx/graphene/LibOS/glibc-build/libc_pic.a(stpcpy.os)
                              /home/kripa432/Code/sgx/graphene/LibOS/glibc-build/elf/dl-allobjs.os (__stpcpy)
/home/kripa432/Code/sgx/graphene/LibOS/glibc-build/libc_pic.a(memcpy.os)
                              /home/kripa432/Code/sgx/graphene/LibOS/glibc-build/libc_pic.a(check_fds.os) (__GI_memcpy)
/home/kripa432/Code/sgx/graphene/LibOS/glibc-build/libc_pic.a(wordcopy.os)
                              /home/kripa432/Code/sgx/graphene/LibOS/glibc-build/libc_pic.a(memmove.os) (_wordcopy_fwd_aligned)
/home/kripa432/Code/sgx/graphene/LibOS/glibc-build/libc_pic.a(rawmemchr.os)
                              /home/kripa432/Code/sgx/graphene/LibOS/glibc-build/elf/dl-allobjs.os (rawmemchr)
/home/kripa432/Code/sgx/graphene/LibOS/glibc-build/libc_pic.a(strcmp-ssse3.os)
                              /home/kripa432/Code/sgx/graphene/LibOS/glibc-build/libc_pic.a(strcmp.os) (__strcmp_ssse3)
/home/kripa432/Code/sgx/graphene/LibOS/glibc-build/libc_pic.a(strcmp-sse2-unaligned.os)
                              /home/kripa432/Code/sgx/graphene/LibOS/glibc-build/libc_pic.a(strcmp.os) (__strcmp_sse2_unaligned)
/home/kripa432/Code/sgx/graphene/LibOS/glibc-build/libc_pic.a(memcmp-sse4.os)
                              /home/kripa432/Code/sgx/graphene/LibOS/glibc-build/libc_pic.a(memcmp.os) (__memcmp_sse4_1)
/home/kripa432/Code/sgx/graphene/LibOS/glibc-build/libc_pic.a(memcpy-ssse3.os)
                              /home/kripa432/Code/sgx/graphene/LibOS/glibc-build/libc_pic.a(memcpy.os) (__memcpy_ssse3)
/home/kripa432/Code/sgx/graphene/LibOS/glibc-build/libc_pic.a(memcpy-sse2-unaligned.os)
                              /home/kripa432/Code/sgx/graphene/LibOS/glibc-build/libc_pic.a(memcpy.os) (__memcpy_sse2_unaligned)
/home/kripa432/Code/sgx/graphene/LibOS/glibc-build/libc_pic.a(memcpy-avx512-no-vzeroupper.os)
                              /home/kripa432/Code/sgx/graphene/LibOS/glibc-build/libc_pic.a(memcpy.os) (__memcpy_avx512_no_vzeroupper)
/home/kripa432/Code/sgx/graphene/LibOS/glibc-build/libc_pic.a(memmove-ssse3.os)
                              /home/kripa432/Code/sgx/graphene/LibOS/glibc-build/libc_pic.a(memmove.os) (__memmove_ssse3)
/home/kripa432/Code/sgx/graphene/LibOS/glibc-build/libc_pic.a(memmove-avx-unaligned.os)
                              /home/kripa432/Code/sgx/graphene/LibOS/glibc-build/libc_pic.a(memmove.os) (__memmove_avx_unaligned)
/home/kripa432/Code/sgx/graphene/LibOS/glibc-build/libc_pic.a(memcpy-avx-unaligned.os)
[...]
Memory Configuration

Name             Origin             Length             Attributes
*default*        0x0000000000000000 0xffffffffffffffff

Linker script and memory map

START GROUP
LOAD /home/kripa432/Code/sgx/graphene/LibOS/glibc-build/elf/dl-allobjs.os
LOAD /home/kripa432/Code/sgx/graphene/LibOS/glibc-build/libc_pic.a
LOAD /usr/lib/gcc/x86_64-linux-gnu/5/libgcc.a
END GROUP

.interp
 *(.interp)

.note.gnu.build-id
 *(.note.gnu.build-id)

.hash
 *(.hash)

.gnu.hash
 *(.gnu.hash)

.dynsym
 *(.dynsym)

.dynstr
 *(.dynstr)

.gnu.version
 *(.gnu.version)

.gnu.version_d
 *(.gnu.version_d)

.gnu.version_r
 *(.gnu.version_r)

.rela.init
 *(.rela.init)

.rela.text
 *(.rela.text)

.rela.fini
 *(.rela.fini)

.rela.rodata
 *(.rela.rodata)

.rela.data.rel.ro
 *(.rela.data.rel.ro)

.rela.data
 *(.rela.data)

.rela.tdata
 *(.rela.tdata)

.rela.tbss
 *(.rela.tbss)

.rela.ctors
 *(.rela.ctors)

.rela.dtors
 *(.rela.dtors)

.rela.got
 *(.rela.got)

.rela.bss
 *(.rela.bss)

.rela.ldata
 *(.rela.ldata)

.rela.lbss
 *(.rela.lbss)

.rela.lrodata
 *(.rela.lrodata)

.rela.ifunc
 *(.rela.ifunc)

.rela.plt
 *(.rela.plt)

.init
 *(SORT(.init))

.plt
 *(.plt)
 *(.iplt)

.plt.got
 *(.plt.got)

.plt.bnd
 *(.plt.bnd)

.text           0x0000000000000000    0x1e5e5
 *(.text .stub)
 .text          0x0000000000000000    0x17380 /home/kripa432/Code/sgx/graphene/LibOS/glibc-build/elf/dl-allobjs.os
                0x0000000000000000                _start
                0x0000000000000008                _dl_start_user
                0x0000000000000728                _dl_initial_error_catch_tsd
                0x0000000000005f90                _dl_dst_count
                0x0000000000006040                _dl_dst_substitute
                0x0000000000006950                _dl_init_paths
                0x0000000000006d90                _dl_map_object
                0x0000000000007790                _dl_rtld_di_serinfo
                0x00000000000086a0                _dl_lookup_symbol_x
                0x0000000000009780                _dl_setup_hash
                0x0000000000009830                _dl_add_to_namespace_list
                0x00000000000098c0                _dl_new_object
                0x0000000000009c60                _dl_try_allocate_static_tls
                0x0000000000009d40                _dl_allocate_static_tls
                0x0000000000009d70                _dl_nothread_init_static_tls
                0x0000000000009dc0                _dl_protect_relro
                0x0000000000009e20                _dl_reloc_bad_type
                0x0000000000009ef0                _dl_relocate_object
                0x000000000000b6e0                _dl_map_object_deps
                0x000000000000c980                _dl_important_hwcaps
                0x000000000000d120                _dl_fixup
                0x000000000000d300                _dl_profile_fixup
                0x000000000000d910                _dl_call_pltexit
                0x000000000000da20                _dl_signal_error
                0x000000000000dbc0                _dl_signal_cerror
                0x000000000000dc50                _dl_catch_error
                0x000000000000dd20                _dl_receive_error
                0x000000000000dea0                _dl_init
                0x000000000000dfd0                _dl_sort_fini
                0x000000000000e210                _dl_fini
                0x000000000000e5a0                _dl_debug_state
                0x000000000000e5a0                __GI__dl_debug_state
                0x000000000000e5b0                _dl_debug_initialize
                0x000000000000ec40                _dl_sysdep_read_whole_file
                0x000000000000ecd0                _dl_debug_printf
                0x000000000000ed80                _dl_debug_printf_c
                0x000000000000ee30                _dl_dprintf
                0x000000000000eed0                _dl_name_match_p
                0x000000000000ef40                _dl_higher_prime_number
                0x000000000000f3c0                _dl_check_map_versions
                0x000000000000f880                _dl_check_all_versions
                0x000000000000f8f0                _dl_start_profile
                0x00000000000100d0                __GI__dl_mcount
                0x00000000000100d0                _dl_mcount
                0x0000000000010330                _dl_resolve_conflicts
                0x0000000000010770                _dl_next_tls_modid
                0x0000000000010870                _dl_count_modids
                0x00000000000108d0                _dl_determine_tlsoffset
                0x0000000000010aa0                __GI__dl_tls_setup
                0x0000000000010aa0                _dl_tls_setup
                0x0000000000010b50                _dl_get_tls_static_info
                0x0000000000010b70                _dl_allocate_tls_storage
                0x0000000000010c10                __GI__dl_allocate_tls_init
                0x0000000000010c10                _dl_allocate_tls_init
                0x0000000000010eb0                __GI__dl_allocate_tls
                0x0000000000010eb0                _dl_allocate_tls
                0x0000000000010ef0                _dl_deallocate_tls
                0x0000000000010ef0                __GI__dl_deallocate_tls
                0x0000000000010f80                _dl_update_slotinfo
                0x0000000000011220                __GI___tls_get_addr
                0x0000000000011220                __tls_get_addr
                0x0000000000011260                _dl_tls_get_addr_soft
                0x00000000000112e0                _dl_add_to_slotinfo
                0x00000000000113c0                _dl_get_origin
                0x0000000000011550                _dl_scope_free
                0x0000000000011620                _dl_make_stack_executable
                0x0000000000011620                __GI__dl_make_stack_executable
                0x00000000000116b0                _dl_check_caller
                0x0000000000011ae0                __GI__dl_find_dso_for_object
                0x0000000000011ae0                _dl_find_dso_for_object
                0x0000000000011bd0                _dl_open
                0x0000000000011fe0                _dl_show_scope
                0x0000000000012aa0                _dl_addr_inside_object
                0x0000000000012c50                _dl_close_worker
                0x0000000000013bb0                _dl_close
                0x0000000000013c40                _dl_runtime_resolve_avx512
                0x0000000000013db0                _dl_runtime_profile_avx512
                0x0000000000014230                _dl_runtime_resolve_avx
                0x0000000000014390                _dl_runtime_profile_avx
                0x0000000000014810                _dl_runtime_resolve_sse
                0x0000000000014940                _dl_runtime_profile_sse
                0x0000000000014b40                register_library
                0x0000000000014b50                glibc_option
                0x0000000000014b58                syscalldb
                0x0000000000014b60                _dl_cache_libcmp
                0x0000000000014c40                _dl_load_cache_lookup
                0x0000000000015200                _dl_unload_cache
                0x0000000000015240                _dl_make_tlsdesc_dynamic
                0x0000000000015510                _dl_tlsdesc_resolve_rela_fixup
                0x00000000000156d0                _dl_tlsdesc_resolve_hold_fixup
                0x0000000000015710                _dl_unmap
                0x0000000000015790                _dl_tlsdesc_return
                0x00000000000157a0                _dl_tlsdesc_undefweak
                0x00000000000157b0                _dl_tlsdesc_dynamic
                0x0000000000015850                _dl_tlsdesc_resolve_rela
                0x00000000000158c0                _dl_tlsdesc_resolve_hold
                0x0000000000015940                __get_cpu_features
                0x0000000000015950                _dl_sysdep_start
                0x0000000000016000                _dl_sysdep_start_cleanup
                0x0000000000016010                _dl_show_auxv
                0x00000000000161c0                _dl_discover_osversion
                0x0000000000016390                _dl_next_ld_env_entry
                0x00000000000163e0                unsetenv
                0x0000000000016450                __libc_memalign
                0x0000000000016550                malloc
                0x0000000000016560                calloc
                0x00000000000165a0                free
                0x00000000000165d0                __sigjmp_save
                0x00000000000165e0                __strerror_r
                0x00000000000166c0                __GI___libc_fatal
                0x00000000000166c0                __libc_fatal
                0x00000000000166f0                __GI___chk_fail
                0x00000000000166f0                __chk_fail
                0x0000000000016700                __GI___assert_fail
                0x0000000000016700                __assert_fail
                0x0000000000016750                realloc
                0x00000000000167e0                __GI___assert_perror_fail
                0x00000000000167e0                __assert_perror_fail
                0x0000000000016850                __strtoul_internal
                0x0000000000016a20                _itoa
                0x0000000000016a70                __strsep
                0x0000000000016a70                strsep
                0x0000000000016a70                __strsep_g
                0x0000000000016b00                __brk
                0x0000000000016b00                brk
                0x0000000000016b70                sbrk
                0x0000000000016b70                __sbrk
                0x0000000000016c00                __getcwd
                0x0000000000016c00                getcwd
                0x00000000000170a0                openat64
                0x0000000000017120                __alloc_dir
                0x0000000000017230                __opendir
                0x0000000000017230                opendir
                0x0000000000017320                __fxstatat
                0x0000000000017320                __fxstatat64
                0x0000000000017320                __GI___fxstatat64
 .text          0x0000000000017380      0x112 /home/kripa432/Code/sgx/graphene/LibOS/glibc-build/libc_pic.a(check_fds.os)
                0x0000000000017460                __libc_check_standard_fds
 .text          0x0000000000017492        0x0 /home/kripa432/Code/sgx/graphene/LibOS/glibc-build/libc_pic.a(errno.os)
 *fill*         0x0000000000017492        0xe 
 .text          0x00000000000174a0       0x57 /home/kripa432/Code/sgx/graphene/LibOS/glibc-build/libc_pic.a(setjmp.os)
                0x00000000000174a0                __sigsetjmp
                0x00000000000174a0                __GI___sigsetjmp
 *fill*         0x00000000000174f7        0x9 
 .text          0x0000000000017500       0x50 /home/kripa432/Code/sgx/graphene/LibOS/glibc-build/libc_pic.a(__longjmp.os)
                0x0000000000017500                __longjmp
 .text          0x0000000000017550      0x24a /home/kripa432/Code/sgx/graphene/LibOS/glibc-build/libc_pic.a(strchr.os)
                0x0000000000017550                index
                0x0000000000017550                strchr
                0x0000000000017580                __strchr_sse2
                0x0000000000017580                __GI_strchr
 *fill*         0x000000000001779a        0x6 
 .text          0x00000000000177a0     0x1479 /home/kripa432/Code/sgx/graphene/LibOS/glibc-build/libc_pic.a(strcmp.os)
                0x00000000000177a0                strcmp
                0x00000000000177e0                __strcmp_sse2
                0x00000000000177e0                __GI_strcmp
 *fill*         0x0000000000018c19        0x7 
 .text          0x0000000000018c20       0x41 /home/kripa432/Code/sgx/graphene/LibOS/glibc-build/libc_pic.a(strdup.os)
                0x0000000000018c20                __GI___strdup
                0x0000000000018c20                __strdup
                0x0000000000018c20                strdup
 *fill*         0x0000000000018c61        0xf 
 .text          0x0000000000018c70      0x19c /home/kripa432/Code/sgx/graphene/LibOS/glibc-build/libc_pic.a(strlen.os)
                0x0000000000018c70                strlen
                0x0000000000018c70                __GI_strlen
 *fill*         0x0000000000018e0c        0x4 
 .text          0x0000000000018e10      0x218 /home/kripa432/Code/sgx/graphene/LibOS/glibc-build/libc_pic.a(strnlen.os)
                0x0000000000018e10                __strnlen
                0x0000000000018e10                strnlen
                0x0000000000018e10                __GI___strnlen
                0x0000000000018e10                __GI_strnlen
 *fill*         0x0000000000019028        0x8 
 .text          0x0000000000019030      0x344 /home/kripa432/Code/sgx/graphene/LibOS/glibc-build/libc_pic.a(memchr.os)
                0x0000000000019030                __GI_memchr
                0x0000000000019030                memchr
                0x0000000000019030                __memchr
 *fill*         0x0000000000019374        0xc 
 .text          0x0000000000019380      0x440 /home/kripa432/Code/sgx/graphene/LibOS/glibc-build/libc_pic.a(memcmp.os)
                0x0000000000019380                bcmp
                0x0000000000019380                memcmp
                0x00000000000193c0                __GI_memcmp
                0x00000000000193c0                __memcmp_sse2
 .text          0x00000000000197c0      0x1b1 /home/kripa432/Code/sgx/graphene/LibOS/glibc-build/libc_pic.a(memmove.os)
                0x00000000000197c0                __GI_memmove
                0x00000000000197c0                __memmove_sse2
                0x000000000001991a                memmove
                0x000000000001991a                memcpy@GLIBC_2.2.5
                0x000000000001991a                __libc_memmove
 *fill*         0x0000000000019971        0xf 
 .text          0x0000000000019980      0x173 /home/kripa432/Code/sgx/graphene/LibOS/glibc-build/libc_pic.a(memset.os)
                0x0000000000019980                memset
                0x00000000000199d0                __bzero
                0x00000000000199d0                bzero
                0x00000000000199e0                __memset_tail
                0x0000000000019a00                __memset_chk_sse2
                0x0000000000019a10                __GI_memset
                0x0000000000019a10                __memset_sse2
 *fill*         0x0000000000019af3        0xd 
 .text          0x0000000000019b00      0x11c /home/kripa432/Code/sgx/graphene/LibOS/glibc-build/libc_pic.a(stpcpy.os)
                0x0000000000019b00                stpcpy
                0x0000000000019b00                __stpcpy
                0x0000000000019b40                __GI_stpcpy
                0x0000000000019b40                __GI___stpcpy
                0x0000000000019b40                __stpcpy_sse2
 *fill*         0x0000000000019c1c        0x4 
 .text          0x0000000000019c20      0x4e5 /home/kripa432/Code/sgx/graphene/LibOS/glibc-build/libc_pic.a(memcpy.os)
                0x0000000000019c20                __new_memcpy
                0x0000000000019c20                memcpy@@GLIBC_2.14
                0x0000000000019c90                __memcpy_chk_sse2
                0x0000000000019ca0                __memcpy_sse2
                0x0000000000019ca0                __GI_memcpy
 *fill*         0x000000000001a105        0xb 
 .text          0x000000000001a110      0x556 /home/kripa432/Code/sgx/graphene/LibOS/glibc-build/libc_pic.a(wordcopy.os)
                0x000000000001a110                _wordcopy_fwd_aligned
                0x000000000001a250                _wordcopy_fwd_dest_aligned
                0x000000000001a380                _wordcopy_bwd_aligned
                0x000000000001a510                _wordcopy_bwd_dest_aligned
 *fill*         0x000000000001a666        0xa 
 .text          0x000000000001a670      0x204 /home/kripa432/Code/sgx/graphene/LibOS/glibc-build/libc_pic.a(rawmemchr.os)
                0x000000000001a670                __GI___rawmemchr
                0x000000000001a670                __rawmemchr
                0x000000000001a670                rawmemchr
 .text          0x000000000001a874        0x0 /home/kripa432/Code/sgx/graphene/LibOS/glibc-build/libc_pic.a(strcmp-ssse3.os)
 *fill*         0x000000000001a874        0xc 
 .text          0x000000000001a880      0x2a3 /home/kripa432/Code/sgx/graphene/LibOS/glibc-build/libc_pic.a(strcmp-sse2-unaligned.os)
                0x000000000001a880                __strcmp_sse2_unaligned
 .text          0x000000000001ab23        0x0 /home/kripa432/Code/sgx/graphene/LibOS/glibc-build/libc_pic.a(memcmp-sse4.os)
 .text          0x000000000001ab23        0x0 /home/kripa432/Code/sgx/graphene/LibOS/glibc-build/libc_pic.a(memcpy-ssse3.os)
 *fill*         0x000000000001ab23        0xd 
 .text          0x000000000001ab30      0x217 /home/kripa432/Code/sgx/graphene/LibOS/glibc-build/libc_pic.a(memcpy-sse2-unaligned.os)
                0x000000000001ab30                __memcpy_sse2_unaligned
 *fill*         0x000000000001ad47        0x9 
 .text          0x000000000001ad50      0x748 /home/kripa432/Code/sgx/graphene/LibOS/glibc-build/libc_pic.a(memcpy-avx512-no-vzeroupper.os)
                0x000000000001ad50                __memcpy_chk_avx512_no_vzeroupper
                0x000000000001ad60                __memcpy_avx512_no_vzeroupper
 .text          0x000000000001b498        0x0 /home/kripa432/Code/sgx/graphene/LibOS/glibc-build/libc_pic.a(memmove-ssse3.os)
 .text          0x000000000001b498        0x0 /home/kripa432/Code/sgx/graphene/LibOS/glibc-build/libc_pic.a(memmove-avx-unaligned.os)
 .text          0x000000000001b498        0x0 /home/kripa432/Code/sgx/graphene/LibOS/glibc-build/libc_pic.a(memcpy-avx-unaligned.os)
 .text          0x000000000001b498        0x0 /home/kripa432/Code/sgx/graphene/LibOS/glibc-build/libc_pic.a(memmove-ssse3-back.os)
 *fill*         0x000000000001b498        0x8 
 .text          0x000000000001b4a0      0x748 /home/kripa432/Code/sgx/graphene/LibOS/glibc-build/libc_pic.a(memmove-avx512-no-vzeroupper.os)
                0x000000000001b4a0                __memmove_chk_avx512_no_vzeroupper
                0x000000000001b4b0                __memmove_avx512_no_vzeroupper
 .text          0x000000000001bbe8        0x0 /home/kripa432/Code/sgx/graphene/LibOS/glibc-build/libc_pic.a(stpcpy-ssse3.os)
 *fill*         0x000000000001bbe8        0x8 
 .text          0x000000000001bbf0      0x6b0 /home/kripa432/Code/sgx/graphene/LibOS/glibc-build/libc_pic.a(stpcpy-sse2-unaligned.os)
                0x000000000001bbf0                __stpcpy_sse2_unaligned
 .text          0x000000000001c2a0        0x0 /home/kripa432/Code/sgx/graphene/LibOS/glibc-build/libc_pic.a(strchr-sse2-no-bsf.os)
 .text          0x000000000001c2a0        0x0 /home/kripa432/Code/sgx/graphene/LibOS/glibc-build/libc_pic.a(memcmp-ssse3.os)
 .text          0x000000000001c2a0        0x0 /home/kripa432/Code/sgx/graphene/LibOS/glibc-build/libc_pic.a(memset-avx2.os)
 .text          0x000000000001c2a0      0x280 /home/kripa432/Code/sgx/graphene/LibOS/glibc-build/libc_pic.a(memset-avx512-no-vzeroupper.os)
                0x000000000001c2a0                __memset_chk_avx512_no_vzeroupper
                0x000000000001c2b0                __memset_avx512_no_vzeroupper
 .text          0x000000000001c520      0x5c0 /home/kripa432/Code/sgx/graphene/LibOS/glibc-build/libc_pic.a(cacheinfo.os)
                0x000000000001cab0                __cache_sysconf
 .text          0x000000000001cae0       0x64 /home/kripa432/Code/sgx/graphene/LibOS/glibc-build/libc_pic.a(closedir.os)
                0x000000000001cae0                __closedir
                0x000000000001cae0                closedir
 *fill*         0x000000000001cb44        0xc 
 .text          0x000000000001cb50       0xf8 /home/kripa432/Code/sgx/graphene/LibOS/glibc-build/libc_pic.a(readdir.os)
                0x000000000001cb50                readdir
                0x000000000001cb50                __readdir64
                0x000000000001cb50                __readdir
                0x000000000001cb50                readdir64
 *fill*         0x000000000001cc48        0x8 
 .text          0x000000000001cc50       0x93 /home/kripa432/Code/sgx/graphene/LibOS/glibc-build/libc_pic.a(rewinddir.os)
                0x000000000001cc50                rewinddir
                0x000000000001cc50                __rewinddir
                0x000000000001cc50                __GI___rewinddir
 *fill*         0x000000000001cce3        0xd 
 .text          0x000000000001ccf0       0xa5 /home/kripa432/Code/sgx/graphene/LibOS/glibc-build/libc_pic.a(getdents.os)
                0x000000000001ccf0                __getdents
                0x000000000001ccf0                __getdents64
 *fill*         0x000000000001cd95        0xb 
 .text          0x000000000001cda0       0x9a /home/kripa432/Code/sgx/graphene/LibOS/glibc-build/libc_pic.a(fdopendir.os)
                0x000000000001cda0                fdopendir
                0x000000000001cda0                __fdopendir
 *fill*         0x000000000001ce3a        0x6 
 .text          0x000000000001ce40       0x33 /home/kripa432/Code/sgx/graphene/LibOS/glibc-build/libc_pic.a(uname.os)
                0x000000000001ce40                uname
                0x000000000001ce40                __GI_uname
                0x000000000001ce40                __uname
                0x000000000001ce40                __GI___uname
 *fill*         0x000000000001ce73        0xd 
 .text          0x000000000001ce80       0x78 /home/kripa432/Code/sgx/graphene/LibOS/glibc-build/libc_pic.a(_exit.os)
                0x000000000001ce80                _Exit
                0x000000000001ce80                __GI__exit
                0x000000000001ce80                _exit
 *fill*         0x000000000001cef8        0x8 
 .text          0x000000000001cf00       0x4e /home/kripa432/Code/sgx/graphene/LibOS/glibc-build/libc_pic.a(getpid.os)
                0x000000000001cf00                __getpid
                0x000000000001cf00                getpid
                0x000000000001cf00                __GI_getpid
                0x000000000001cf00                __GI___getpid
 .text          0x000000000001cf4e        0x0 /home/kripa432/Code/sgx/graphene/LibOS/glibc-build/libc_pic.a(environ.os)
 *fill*         0x000000000001cf4e        0x2 
 .text          0x000000000001cf50       0x64 /home/kripa432/Code/sgx/graphene/LibOS/glibc-build/libc_pic.a(xstat.os)
                0x000000000001cf50                _xstat
                0x000000000001cf50                __xstat64
                0x000000000001cf50                __GI___xstat64
                0x000000000001cf50                __GI___xstat
                0x000000000001cf50                __xstat
 *fill*         0x000000000001cfb4        0xc 
 .text          0x000000000001cfc0       0x5c /home/kripa432/Code/sgx/graphene/LibOS/glibc-build/libc_pic.a(fxstat.os)
                0x000000000001cfc0                __GI___fxstat
                0x000000000001cfc0                __GI___fxstat64
                0x000000000001cfc0                __fxstat64
                0x000000000001cfc0                _fxstat
                0x000000000001cfc0                __fxstat
 *fill*         0x000000000001d01c        0x4 
 .text          0x000000000001d020       0x64 /home/kripa432/Code/sgx/graphene/LibOS/glibc-build/libc_pic.a(lxstat.os)
                0x000000000001d020                __GI___lxstat
                0x000000000001d020                _lxstat
                0x000000000001d020                __lxstat
                0x000000000001d020                __lxstat64
                0x000000000001d020                __GI___lxstat64
 *fill*         0x000000000001d084        0xc 
 .text          0x000000000001d090       0x7e /home/kripa432/Code/sgx/graphene/LibOS/glibc-build/libc_pic.a(open.os)
                0x000000000001d090                __GI___open64
                0x000000000001d090                __open
                0x000000000001d090                __GI_open
                0x000000000001d090                __GI___open
                0x000000000001d090                __GI_open64
                0x000000000001d090                __libc_open
                0x000000000001d090                open64
                0x000000000001d090                __GI___libc_open
                0x000000000001d090                open
                0x000000000001d090                __open64
                0x000000000001d099                __open_nocancel
 *fill*         0x000000000001d10e        0x2 
 .text          0x000000000001d110       0x7e /home/kripa432/Code/sgx/graphene/LibOS/glibc-build/libc_pic.a(read.os)
                0x000000000001d110                __read
                0x000000000001d110                __GI_read
                0x000000000001d110                __libc_read
                0x000000000001d110                __GI___read
                0x000000000001d110                read
                0x000000000001d110                __GI___libc_read
                0x000000000001d119                __read_nocancel
 *fill*         0x000000000001d18e        0x2 
 .text          0x000000000001d190       0x7e /home/kripa432/Code/sgx/graphene/LibOS/glibc-build/libc_pic.a(write.os)
                0x000000000001d190                __write
                0x000000000001d190                __GI_write
                0x000000000001d190                write
                0x000000000001d190                __GI___libc_write
                0x000000000001d190                __GI___write
                0x000000000001d190                __libc_write
                0x000000000001d199                __write_nocancel
 *fill*         0x000000000001d20e        0x2 
 .text          0x000000000001d210       0x33 /home/kripa432/Code/sgx/graphene/LibOS/glibc-build/libc_pic.a(access.os)
                0x000000000001d210                __GI_access
                0x000000000001d210                __GI___access
                0x000000000001d210                access
                0x000000000001d210                __access
 *fill*         0x000000000001d243        0xd 
 .text          0x000000000001d250      0x130 /home/kripa432/Code/sgx/graphene/LibOS/glibc-build/libc_pic.a(fcntl.os)
                0x000000000001d2e0                __fcntl_nocancel
                0x000000000001d310                __libc_fcntl
                0x000000000001d310                __GI___libc_fcntl
                0x000000000001d310                __GI___fcntl
                0x000000000001d310                __fcntl
                0x000000000001d310                fcntl
 .text          0x000000000001d380       0x7e /home/kripa432/Code/sgx/graphene/LibOS/glibc-build/libc_pic.a(close.os)
                0x000000000001d380                __GI_close
                0x000000000001d380                __GI___libc_close
                0x000000000001d380                __libc_close
                0x000000000001d380                __close
                0x000000000001d380                __GI___close
                0x000000000001d380                close
                0x000000000001d389                __close_nocancel
 *fill*         0x000000000001d3fe        0x2 
 .text          0x000000000001d400       0xe9 /home/kripa432/Code/sgx/graphene/LibOS/glibc-build/libc_pic.a(mmap.os)
                0x000000000001d400                __mmap
                0x000000000001d400                mmap
                0x000000000001d400                __mmap64
                0x000000000001d400                mmap64
 *fill*         0x000000000001d4e9        0x7 
 .text          0x000000000001d4f0       0x33 /home/kripa432/Code/sgx/graphene/LibOS/glibc-build/libc_pic.a(munmap.os)
                0x000000000001d4f0                munmap
                0x000000000001d4f0                __GI___munmap
                0x000000000001d4f0                __GI_munmap
                0x000000000001d4f0                __munmap
 *fill*         0x000000000001d523        0xd 
 .text          0x000000000001d530       0x33 /home/kripa432/Code/sgx/graphene/LibOS/glibc-build/libc_pic.a(mprotect.os)
                0x000000000001d530                __mprotect
                0x000000000001d530                __GI___mprotect
                0x000000000001d530                __GI_mprotect
                0x000000000001d530                mprotect
 *fill*         0x000000000001d563        0xd 
 .text          0x000000000001d570       0x33 /home/kripa432/Code/sgx/graphene/LibOS/glibc-build/libc_pic.a(llseek.os)
                0x000000000001d570                __GI___lseek
                0x000000000001d570                __GI_lseek64
                0x000000000001d570                __llseek
                0x000000000001d570                __GI_llseek
                0x000000000001d570                __lseek64
                0x000000000001d570                lseek
                0x000000000001d570                __libc_lseek64
                0x000000000001d570                __GI___libc_lseek64
                0x000000000001d570                __GI___libc_lseek
                0x000000000001d570                llseek
                0x000000000001d570                __lseek
                0x000000000001d570                __GI___lseek64
                0x000000000001d570                __libc_lseek
                0x000000000001d570                __GI___llseek
                0x000000000001d570                __GI_lseek
                0x000000000001d570                lseek64
 *fill*         0x000000000001d5a3        0xd 
 .text          0x000000000001d5b0      0x1ce /home/kripa432/Code/sgx/graphene/LibOS/glibc-build/libc_pic.a(profil.os)
                0x000000000001d600                __profil
                0x000000000001d600                profil
 *fill*         0x000000000001d77e        0x2 
 .text          0x000000000001d780        0xb /home/kripa432/Code/sgx/graphene/LibOS/glibc-build/libc_pic.a(prof-freq.os)
                0x000000000001d780                __GI___profile_frequency
                0x000000000001d780                __profile_frequency
 *fill*         0x000000000001d78b        0x5 
 .text          0x000000000001d790       0x50 /home/kripa432/Code/sgx/graphene/LibOS/glibc-build/libc_pic.a(libc-lowlevellock.os)
                0x000000000001d790                __lll_lock_wait_private
                0x000000000001d7c0                __lll_unlock_wake_private
 .text          0x000000000001d7e0       0xbd /home/kripa432/Code/sgx/graphene/LibOS/glibc-build/libc_pic.a(libc-cancellation.os)
                0x000000000001d7e0                __libc_enable_asynccancel
                0x000000000001d840                __libc_disable_asynccancel
 .text          0x000000000001d89d        0x0 /home/kripa432/Code/sgx/graphene/LibOS/glibc-build/libc_pic.a(libc_multiple_threads.os)
 *fill*         0x000000000001d89d        0x3 
 .text          0x000000000001d8a0      0x284 /home/kripa432/Code/sgx/graphene/LibOS/glibc-build/libc_pic.a(sigaction.os)
                0x000000000001d8c0                __libc_sigaction
                0x000000000001d8c0                __GI___libc_sigaction
                0x000000000001db00                sigaction
                0x000000000001db00                __GI___sigaction
                0x000000000001db00                __sigaction
 *fill*         0x000000000001db24        0xc 
 .text          0x000000000001db30       0x33 /home/kripa432/Code/sgx/graphene/LibOS/glibc-build/libc_pic.a(setitimer.os)
                0x000000000001db30                setitimer
                0x000000000001db30                __setitimer
                0x000000000001db30                __GI_setitimer
                0x000000000001db30                __GI___setitimer
 *fill*         0x000000000001db63        0xd 
 .text          0x000000000001db70      0x5c6 /home/kripa432/Code/sgx/graphene/LibOS/glibc-build/libc_pic.a(forward.os)
                0x000000000001db70                pthread_equal
                0x000000000001dba0                pthread_attr_destroy
                0x000000000001dbd0                pthread_attr_init@@GLIBC_2.2.5
                0x000000000001dbd0                __pthread_attr_init_2_1
                0x000000000001dc00                pthread_attr_getdetachstate
                0x000000000001dc30                pthread_attr_setdetachstate
                0x000000000001dc60                pthread_attr_getinheritsched
                0x000000000001dc90                pthread_attr_setinheritsched
                0x000000000001dcc0                pthread_attr_getschedparam
                0x000000000001dcf0                pthread_attr_setschedparam
                0x000000000001dd20                pthread_attr_getschedpolicy
                0x000000000001dd50                pthread_attr_setschedpolicy
                0x000000000001dd80                pthread_attr_getscope
                0x000000000001ddb0                pthread_attr_setscope
                0x000000000001dde0                pthread_condattr_destroy
                0x000000000001de10                pthread_condattr_init
                0x000000000001de40                pthread_cond_broadcast@@GLIBC_2.3.2
                0x000000000001de40                __pthread_cond_broadcast
                0x000000000001de70                pthread_cond_destroy@@GLIBC_2.3.2
                0x000000000001de70                __pthread_cond_destroy
                0x000000000001dea0                pthread_cond_init@@GLIBC_2.3.2
                0x000000000001dea0                __pthread_cond_init
                0x000000000001ded0                pthread_cond_signal@@GLIBC_2.3.2
                0x000000000001ded0                __pthread_cond_signal
                0x000000000001df00                pthread_cond_wait@@GLIBC_2.3.2
                0x000000000001df00                __pthread_cond_wait
                0x000000000001df30                pthread_cond_timedwait@@GLIBC_2.3.2
                0x000000000001df30                __pthread_cond_timedwait
                0x000000000001df60                pthread_exit
                0x000000000001df60                __pthread_exit
                0x000000000001df90                pthread_getschedparam
                0x000000000001dfc0                pthread_setschedparam
                0x000000000001dff0                pthread_mutex_destroy
                0x000000000001e020                pthread_mutex_init
                0x000000000001e050                pthread_mutex_lock
                0x000000000001e080                pthread_mutex_unlock
                0x000000000001e0b0                pthread_self
                0x000000000001e0e0                __pthread_setcancelstate
                0x000000000001e0e0                pthread_setcancelstate
                0x000000000001e110                pthread_setcanceltype
 *fill*         0x000000000001e136        0xa 
 .text          0x000000000001e140      0x135 /home/kripa432/Code/sgx/graphene/LibOS/glibc-build/libc_pic.a(exit.os)
                0x000000000001e140                __run_exit_handlers
                0x000000000001e260                __GI_exit
                0x000000000001e260                exit
 *fill*         0x000000000001e275        0xb 
 .text          0x000000000001e280      0x22f /home/kripa432/Code/sgx/graphene/LibOS/glibc-build/libc_pic.a(cxa_atexit.os)
                0x000000000001e280                __new_exitfn
                0x000000000001e410                __internal_atexit
                0x000000000001e460                __cxa_atexit
                0x000000000001e460                __GI___cxa_atexit
 *fill*         0x000000000001e4af        0x1 
 .text          0x000000000001e4b0      0x135 /home/kripa432/Code/sgx/graphene/LibOS/glibc-build/libc_pic.a(cxa_thread_atexit_impl.os)
                0x000000000001e4b0                __cxa_thread_atexit_impl
                0x000000000001e580                __GI___call_tls_dtors
                0x000000000001e580                __call_tls_dtors
 *(.gnu.warning)

.text.unlikely  0x0000000000000000      0x205
 .text.unlikely
                0x0000000000000000      0x205 /home/kripa432/Code/sgx/graphene/LibOS/glibc-build/elf/dl-allobjs.os
 .text.unlikely
                0x0000000000000205        0x0 /home/kripa432/Code/sgx/graphene/LibOS/glibc-build/libc_pic.a(check_fds.os)
 .text.unlikely
                0x0000000000000205        0x0 /home/kripa432/Code/sgx/graphene/LibOS/glibc-build/libc_pic.a(strdup.os)
 .text.unlikely
                0x0000000000000205        0x0 /home/kripa432/Code/sgx/graphene/LibOS/glibc-build/libc_pic.a(memmove.os)
 .text.unlikely
                0x0000000000000205        0x0 /home/kripa432/Code/sgx/graphene/LibOS/glibc-build/libc_pic.a(wordcopy.os)
 .text.unlikely
                0x0000000000000205        0x0 /home/kripa432/Code/sgx/graphene/LibOS/glibc-build/libc_pic.a(cacheinfo.os)
 .text.unlikely
                0x0000000000000205        0x0 /home/kripa432/Code/sgx/graphene/LibOS/glibc-build/libc_pic.a(closedir.os)
 .text.unlikely
                0x0000000000000205        0x0 /home/kripa432/Code/sgx/graphene/LibOS/glibc-build/libc_pic.a(readdir.os)
 .text.unlikely
                0x0000000000000205        0x0 /home/kripa432/Code/sgx/graphene/LibOS/glibc-build/libc_pic.a(rewinddir.os)
 .text.unlikely
                0x0000000000000205        0x0 /home/kripa432/Code/sgx/graphene/LibOS/glibc-build/libc_pic.a(getdents.os)
 .text.unlikely
                0x0000000000000205        0x0 /home/kripa432/Code/sgx/graphene/LibOS/glibc-build/libc_pic.a(fdopendir.os)
 .text.unlikely
                0x0000000000000205        0x0 /home/kripa432/Code/sgx/graphene/LibOS/glibc-build/libc_pic.a(_exit.os)
 .text.unlikely
                0x0000000000000205        0x0 /home/kripa432/Code/sgx/graphene/LibOS/glibc-build/libc_pic.a(getpid.os)
 .text.unlikely
                0x0000000000000205        0x0 /home/kripa432/Code/sgx/graphene/LibOS/glibc-build/libc_pic.a(xstat.os)
 .text.unlikely
                0x0000000000000205        0x0 /home/kripa432/Code/sgx/graphene/LibOS/glibc-build/libc_pic.a(fxstat.os)
 .text.unlikely
                0x0000000000000205        0x0 /home/kripa432/Code/sgx/graphene/LibOS/glibc-build/libc_pic.a(lxstat.os)
 .text.unlikely
                0x0000000000000205        0x0 /home/kripa432/Code/sgx/graphene/LibOS/glibc-build/libc_pic.a(fcntl.os)
 .text.unlikely
                0x0000000000000205        0x0 /home/kripa432/Code/sgx/graphene/LibOS/glibc-build/libc_pic.a(mmap.os)
 .text.unlikely
                0x0000000000000205        0x0 /home/kripa432/Code/sgx/graphene/LibOS/glibc-build/libc_pic.a(profil.os)
 .text.unlikely
                0x0000000000000205        0x0 /home/kripa432/Code/sgx/graphene/LibOS/glibc-build/libc_pic.a(prof-freq.os)
 .text.unlikely
                0x0000000000000205        0x0 /home/kripa432/Code/sgx/graphene/LibOS/glibc-build/libc_pic.a(sigaction.os)
 .text.unlikely
                0x0000000000000205        0x0 /home/kripa432/Code/sgx/graphene/LibOS/glibc-build/libc_pic.a(forward.os)
 .text.unlikely
                0x0000000000000205        0x0 /home/kripa432/Code/sgx/graphene/LibOS/glibc-build/libc_pic.a(exit.os)
 .text.unlikely
                0x0000000000000205        0x0 /home/kripa432/Code/sgx/graphene/LibOS/glibc-build/libc_pic.a(cxa_atexit.os)
 .text.unlikely
                0x0000000000000205        0x0 /home/kripa432/Code/sgx/graphene/LibOS/glibc-build/libc_pic.a(cxa_thread_atexit_impl.os)

.text.sse4.2    0x0000000000000000      0xda9
 .text.sse4.2   0x0000000000000000      0xda9 /home/kripa432/Code/sgx/graphene/LibOS/glibc-build/libc_pic.a(strcmp.os)
                0x0000000000000000                __strcmp_sse42

.text.ssse3     0x0000000000000000     0xaad3
 .text.ssse3    0x0000000000000000     0x1259 /home/kripa432/Code/sgx/graphene/LibOS/glibc-build/libc_pic.a(strcmp-ssse3.os)
                0x0000000000000000                __GI___strcmp_ssse3
                0x0000000000000000                __strcmp_ssse3
 *fill*         0x0000000000001259        0x7 
 .text.ssse3    0x0000000000001260     0x29c6 /home/kripa432/Code/sgx/graphene/LibOS/glibc-build/libc_pic.a(memcpy-ssse3.os)
                0x0000000000001260                __memcpy_chk_ssse3
                0x0000000000001270                __memcpy_ssse3
 *fill*         0x0000000000003c26        0xa 
 .text.ssse3    0x0000000000003c30     0x2b77 /home/kripa432/Code/sgx/graphene/LibOS/glibc-build/libc_pic.a(memmove-ssse3.os)
                0x0000000000003c30                __memmove_chk_ssse3
                0x0000000000003c40                __memmove_ssse3
 *fill*         0x00000000000067a7        0x9 
 .text.ssse3    0x00000000000067b0     0x2b16 /home/kripa432/Code/sgx/graphene/LibOS/glibc-build/libc_pic.a(memmove-ssse3-back.os)
                0x00000000000067b0                __memmove_chk_ssse3_back
                0x00000000000067c0                __memmove_ssse3_back
 *fill*         0x00000000000092c6        0xa 
 .text.ssse3    0x00000000000092d0     0x1803 /home/kripa432/Code/sgx/graphene/LibOS/glibc-build/libc_pic.a(stpcpy-ssse3.os)
                0x00000000000092d0                __stpcpy_ssse3

.text.sse4.1    0x0000000000000000     0x163e
 .text.sse4.1   0x0000000000000000     0x163e /home/kripa432/Code/sgx/graphene/LibOS/glibc-build/libc_pic.a(memcmp-sse4.os)
                0x0000000000000000                __memcmp_sse4_1

.text.avx       0x0000000000000000      0x886
 .text.avx      0x0000000000000000      0x4eb /home/kripa432/Code/sgx/graphene/LibOS/glibc-build/libc_pic.a(memmove-avx-unaligned.os)
                0x0000000000000000                __memmove_chk_avx_unaligned
                0x0000000000000010                __memmove_avx_unaligned
 *fill*         0x00000000000004eb        0x5 
 .text.avx      0x00000000000004f0      0x396 /home/kripa432/Code/sgx/graphene/LibOS/glibc-build/libc_pic.a(memcpy-avx-unaligned.os)
                0x00000000000004f0                __memcpy_chk_avx_unaligned
                0x0000000000000500                __memcpy_avx_unaligned

.text.atom      0x0000000000000000     0x1a83
 .text.atom     0x0000000000000000      0x315 /home/kripa432/Code/sgx/graphene/LibOS/glibc-build/libc_pic.a(strchr-sse2-no-bsf.os)
                0x0000000000000000                __strchr_sse2_no_bsf
 *fill*         0x0000000000000315        0xb 
 .text.atom     0x0000000000000320     0x1763 /home/kripa432/Code/sgx/graphene/LibOS/glibc-build/libc_pic.a(memcmp-ssse3.os)
                0x0000000000000320                __memcmp_ssse3

.text.avx2      0x0000000000000000      0x1a4
 .text.avx2     0x0000000000000000      0x1a4 /home/kripa432/Code/sgx/graphene/LibOS/glibc-build/libc_pic.a(memset-avx2.os)
                0x0000000000000000                __memset_chk_avx2
                0x0000000000000010                __memset_avx2

.text.startup   0x0000000000000000      0x2a0
 .text.startup  0x0000000000000000      0x2a0 /home/kripa432/Code/sgx/graphene/LibOS/glibc-build/libc_pic.a(cacheinfo.os)

.text.compat    0x0000000000000000      0x184
 .text.compat   0x0000000000000000      0x184 /home/kripa432/Code/sgx/graphene/LibOS/glibc-build/libc_pic.a(forward.os)
                0x0000000000000000                pthread_cond_broadcast@GLIBC_2.2.5
                0x0000000000000000                __pthread_cond_broadcast_2_0
                0x0000000000000030                __pthread_cond_destroy_2_0
                0x0000000000000030                pthread_cond_destroy@GLIBC_2.2.5
                0x0000000000000060                __pthread_cond_init_2_0
                0x0000000000000060                pthread_cond_init@GLIBC_2.2.5
                0x0000000000000090                __pthread_cond_signal_2_0
                0x0000000000000090                pthread_cond_signal@GLIBC_2.2.5
                0x00000000000000c0                pthread_cond_wait@GLIBC_2.2.5
                0x00000000000000c0                __pthread_cond_wait_2_0
                0x00000000000000f0                pthread_cond_timedwait@GLIBC_2.2.5
                0x00000000000000f0                __pthread_cond_timedwait_2_0
                0x0000000000000120                __pthread_unwind

.fini
 *(SORT(.fini))

.rodata         0x0000000000000000     0x2300
 *(.rodata)
 .rodata        0x0000000000000000     0x1ed0 /home/kripa432/Code/sgx/graphene/LibOS/glibc-build/elf/dl-allobjs.os
                0x0000000000000000                glibc_version
                0x0000000000001ec0                __GI__itoa_lower_digits
                0x0000000000001ec0                _itoa_lower_digits
 .rodata        0x0000000000001ed0       0x40 /home/kripa432/Code/sgx/graphene/LibOS/glibc-build/libc_pic.a(strcmp.os)
 .rodata        0x0000000000001f10       0x40 /home/kripa432/Code/sgx/graphene/LibOS/glibc-build/libc_pic.a(wordcopy.os)
 .rodata        0x0000000000001f50       0x40 /home/kripa432/Code/sgx/graphene/LibOS/glibc-build/libc_pic.a(strcmp-ssse3.os)
 .rodata        0x0000000000001f90       0x80 /home/kripa432/Code/sgx/graphene/LibOS/glibc-build/libc_pic.a(stpcpy-sse2-unaligned.os)
 *fill*         0x0000000000002010       0x10 
 .rodata        0x0000000000002020      0x2e0 /home/kripa432/Code/sgx/graphene/LibOS/glibc-build/libc_pic.a(cacheinfo.os)

.rodata.str1.1  0x0000000000000000      0xb41
 .rodata.str1.1
                0x0000000000000000      0xace /home/kripa432/Code/sgx/graphene/LibOS/glibc-build/elf/dl-allobjs.os
 .rodata.str1.1
                0x0000000000000ace       0x14 /home/kripa432/Code/sgx/graphene/LibOS/glibc-build/libc_pic.a(check_fds.os)
 .rodata.str1.1
                0x0000000000000ae2       0x48 /home/kripa432/Code/sgx/graphene/LibOS/glibc-build/libc_pic.a(cacheinfo.os)
 .rodata.str1.1
                0x0000000000000b2a       0x17 /home/kripa432/Code/sgx/graphene/LibOS/glibc-build/libc_pic.a(cxa_atexit.os)

.rodata.str1.8  0x0000000000000000     0x15dd
 .rodata.str1.8
                0x0000000000000000     0x15a9 /home/kripa432/Code/sgx/graphene/LibOS/glibc-build/elf/dl-allobjs.os
 *fill*         0x00000000000015a9        0x7 
 .rodata.str1.8
                0x00000000000015b0       0x1d /home/kripa432/Code/sgx/graphene/LibOS/glibc-build/libc_pic.a(cacheinfo.os)
 *fill*         0x00000000000015cd        0x3 
 .rodata.str1.8
                0x00000000000015d0        0xd /home/kripa432/Code/sgx/graphene/LibOS/glibc-build/libc_pic.a(cxa_atexit.os)

.rodata.str1.16
                0x0000000000000000      0x311
 .rodata.str1.16
                0x0000000000000000      0x2f3 /home/kripa432/Code/sgx/graphene/LibOS/glibc-build/elf/dl-allobjs.os
 *fill*         0x00000000000002f3        0xd 
 .rodata.str1.16
                0x0000000000000300       0x11 /home/kripa432/Code/sgx/graphene/LibOS/glibc-build/libc_pic.a(cacheinfo.os)

.rodata.cst16   0x0000000000000000       0x20
 .rodata.cst16  0x0000000000000000       0x20 /home/kripa432/Code/sgx/graphene/LibOS/glibc-build/elf/dl-allobjs.os

.rodata.cst4    0x0000000000000000        0x4
 .rodata.cst4   0x0000000000000000        0x4 /home/kripa432/Code/sgx/graphene/LibOS/glibc-build/elf/dl-allobjs.os

.rodata.str1.32
                0x0000000000000000       0x7b
 .rodata.str1.32
                0x0000000000000000       0x7b /home/kripa432/Code/sgx/graphene/LibOS/glibc-build/elf/dl-allobjs.os

.rodata.sse4.2  0x0000000000000000       0x40
 .rodata.sse4.2
                0x0000000000000000       0x40 /home/kripa432/Code/sgx/graphene/LibOS/glibc-build/libc_pic.a(strcmp.os)

.rodata.sse4.1  0x0000000000000000      0x140
 .rodata.sse4.1
                0x0000000000000000      0x140 /home/kripa432/Code/sgx/graphene/LibOS/glibc-build/libc_pic.a(memcmp-sse4.os)

.rodata.ssse3   0x0000000000000000      0x880
 .rodata.ssse3  0x0000000000000000      0x1c0 /home/kripa432/Code/sgx/graphene/LibOS/glibc-build/libc_pic.a(memcpy-ssse3.os)
 .rodata.ssse3  0x00000000000001c0      0x1c0 /home/kripa432/Code/sgx/graphene/LibOS/glibc-build/libc_pic.a(memmove-ssse3.os)
 .rodata.ssse3  0x0000000000000380      0x500 /home/kripa432/Code/sgx/graphene/LibOS/glibc-build/libc_pic.a(memmove-ssse3-back.os)

.rodata1
 *(.rodata1)

.eh_frame_hdr
 *(.eh_frame_hdr)

.eh_frame       0x0000000000000000     0x3a50
 *(.eh_frame)
 .eh_frame      0x0000000000000000     0x2260 /home/kripa432/Code/sgx/graphene/LibOS/glibc-build/elf/dl-allobjs.os
 .eh_frame      0x0000000000002260       0x68 /home/kripa432/Code/sgx/graphene/LibOS/glibc-build/libc_pic.a(check_fds.os)
 .eh_frame      0x00000000000022c8       0x30 /home/kripa432/Code/sgx/graphene/LibOS/glibc-build/libc_pic.a(setjmp.os)
 .eh_frame      0x00000000000022f8       0x48 /home/kripa432/Code/sgx/graphene/LibOS/glibc-build/libc_pic.a(__longjmp.os)
 .eh_frame      0x0000000000002340       0x48 /home/kripa432/Code/sgx/graphene/LibOS/glibc-build/libc_pic.a(strchr.os)
                                         0x40 (size before relaxing)
 .eh_frame      0x0000000000002388       0x60 /home/kripa432/Code/sgx/graphene/LibOS/glibc-build/libc_pic.a(strcmp.os)
                                         0x58 (size before relaxing)
 .eh_frame      0x00000000000023e8       0x50 /home/kripa432/Code/sgx/graphene/LibOS/glibc-build/libc_pic.a(strdup.os)
 .eh_frame      0x0000000000002438       0x30 /home/kripa432/Code/sgx/graphene/LibOS/glibc-build/libc_pic.a(strlen.os)
 .eh_frame      0x0000000000002468       0x30 /home/kripa432/Code/sgx/graphene/LibOS/glibc-build/libc_pic.a(strnlen.os)
 .eh_frame      0x0000000000002498       0x30 /home/kripa432/Code/sgx/graphene/LibOS/glibc-build/libc_pic.a(memchr.os)
 .eh_frame      0x00000000000024c8       0x48 /home/kripa432/Code/sgx/graphene/LibOS/glibc-build/libc_pic.a(memcmp.os)
                                         0x40 (size before relaxing)
 .eh_frame      0x0000000000002510       0x80 /home/kripa432/Code/sgx/graphene/LibOS/glibc-build/libc_pic.a(memmove.os)
 .eh_frame      0x0000000000002590       0x90 /home/kripa432/Code/sgx/graphene/LibOS/glibc-build/libc_pic.a(memset.os)
                                         0x80 (size before relaxing)
 .eh_frame      0x0000000000002620       0x48 /home/kripa432/Code/sgx/graphene/LibOS/glibc-build/libc_pic.a(stpcpy.os)
                                         0x40 (size before relaxing)
 .eh_frame      0x0000000000002668       0x88 /home/kripa432/Code/sgx/graphene/LibOS/glibc-build/libc_pic.a(memcpy.os)
                                         0x80 (size before relaxing)
 .eh_frame      0x00000000000026f0       0x98 /home/kripa432/Code/sgx/graphene/LibOS/glibc-build/libc_pic.a(wordcopy.os)
                                         0x90 (size before relaxing)
 .eh_frame      0x0000000000002788       0x30 /home/kripa432/Code/sgx/graphene/LibOS/glibc-build/libc_pic.a(rawmemchr.os)
 .eh_frame      0x00000000000027b8       0x30 /home/kripa432/Code/sgx/graphene/LibOS/glibc-build/libc_pic.a(strcmp-ssse3.os)
 .eh_frame      0x00000000000027e8       0x30 /home/kripa432/Code/sgx/graphene/LibOS/glibc-build/libc_pic.a(strcmp-sse2-unaligned.os)
 .eh_frame      0x0000000000002818       0x30 /home/kripa432/Code/sgx/graphene/LibOS/glibc-build/libc_pic.a(memcmp-sse4.os)
 .eh_frame      0x0000000000002848       0x48 /home/kripa432/Code/sgx/graphene/LibOS/glibc-build/libc_pic.a(memcpy-ssse3.os)
                                         0x40 (size before relaxing)
 .eh_frame      0x0000000000002890       0x30 /home/kripa432/Code/sgx/graphene/LibOS/glibc-build/libc_pic.a(memcpy-sse2-unaligned.os)
 .eh_frame      0x00000000000028c0       0x48 /home/kripa432/Code/sgx/graphene/LibOS/glibc-build/libc_pic.a(memcpy-avx512-no-vzeroupper.os)
                                         0x40 (size before relaxing)
 .eh_frame      0x0000000000002908       0x48 /home/kripa432/Code/sgx/graphene/LibOS/glibc-build/libc_pic.a(memmove-ssse3.os)
                                         0x40 (size before relaxing)
 .eh_frame      0x0000000000002950       0x48 /home/kripa432/Code/sgx/graphene/LibOS/glibc-build/libc_pic.a(memmove-avx-unaligned.os)
                                         0x40 (size before relaxing)
 .eh_frame      0x0000000000002998       0x48 /home/kripa432/Code/sgx/graphene/LibOS/glibc-build/libc_pic.a(memcpy-avx-unaligned.os)
                                         0x40 (size before relaxing)
 .eh_frame      0x00000000000029e0       0x48 /home/kripa432/Code/sgx/graphene/LibOS/glibc-build/libc_pic.a(memmove-ssse3-back.os)
                                         0x40 (size before relaxing)
 .eh_frame      0x0000000000002a28       0x48 /home/kripa432/Code/sgx/graphene/LibOS/glibc-build/libc_pic.a(memmove-avx512-no-vzeroupper.os)
                                         0x40 (size before relaxing)
 .eh_frame      0x0000000000002a70       0x30 /home/kripa432/Code/sgx/graphene/LibOS/glibc-build/libc_pic.a(stpcpy-ssse3.os)
 .eh_frame      0x0000000000002aa0       0x30 /home/kripa432/Code/sgx/graphene/LibOS/glibc-build/libc_pic.a(stpcpy-sse2-unaligned.os)
 .eh_frame      0x0000000000002ad0       0x30 /home/kripa432/Code/sgx/graphene/LibOS/glibc-build/libc_pic.a(strchr-sse2-no-bsf.os)
 .eh_frame      0x0000000000002b00       0x30 /home/kripa432/Code/sgx/graphene/LibOS/glibc-build/libc_pic.a(memcmp-ssse3.os)
 .eh_frame      0x0000000000002b30       0x48 /home/kripa432/Code/sgx/graphene/LibOS/glibc-build/libc_pic.a(memset-avx2.os)
                                         0x40 (size before relaxing)
 .eh_frame      0x0000000000002b78       0x48 /home/kripa432/Code/sgx/graphene/LibOS/glibc-build/libc_pic.a(memset-avx512-no-vzeroupper.os)
                                         0x40 (size before relaxing)
 .eh_frame      0x0000000000002bc0      0x1c8 /home/kripa432/Code/sgx/graphene/LibOS/glibc-build/libc_pic.a(cacheinfo.os)
                                        0x1c0 (size before relaxing)
 .eh_frame      0x0000000000002d88       0x40 /home/kripa432/Code/sgx/graphene/LibOS/glibc-build/libc_pic.a(closedir.os)
 .eh_frame      0x0000000000002dc8       0x68 /home/kripa432/Code/sgx/graphene/LibOS/glibc-build/libc_pic.a(readdir.os)
 .eh_frame      0x0000000000002e30       0x40 /home/kripa432/Code/sgx/graphene/LibOS/glibc-build/libc_pic.a(rewinddir.os)
 .eh_frame      0x0000000000002e70       0x68 /home/kripa432/Code/sgx/graphene/LibOS/glibc-build/libc_pic.a(getdents.os)
 .eh_frame      0x0000000000002ed8       0x50 /home/kripa432/Code/sgx/graphene/LibOS/glibc-build/libc_pic.a(fdopendir.os)
 .eh_frame      0x0000000000002f28       0x30 /home/kripa432/Code/sgx/graphene/LibOS/glibc-build/libc_pic.a(uname.os)
 .eh_frame      0x0000000000002f58       0x30 /home/kripa432/Code/sgx/graphene/LibOS/glibc-build/libc_pic.a(_exit.os)
 .eh_frame      0x0000000000002f88       0x30 /home/kripa432/Code/sgx/graphene/LibOS/glibc-build/libc_pic.a(getpid.os)
 .eh_frame      0x0000000000002fb8       0x30 /home/kripa432/Code/sgx/graphene/LibOS/glibc-build/libc_pic.a(xstat.os)
 .eh_frame      0x0000000000002fe8       0x30 /home/kripa432/Code/sgx/graphene/LibOS/glibc-build/libc_pic.a(fxstat.os)
 .eh_frame      0x0000000000003018       0x30 /home/kripa432/Code/sgx/graphene/LibOS/glibc-build/libc_pic.a(lxstat.os)
 .eh_frame      0x0000000000003048       0x30 /home/kripa432/Code/sgx/graphene/LibOS/glibc-build/libc_pic.a(open.os)
 .eh_frame      0x0000000000003078       0x30 /home/kripa432/Code/sgx/graphene/LibOS/glibc-build/libc_pic.a(read.os)
 .eh_frame      0x00000000000030a8       0x30 /home/kripa432/Code/sgx/graphene/LibOS/glibc-build/libc_pic.a(write.os)
 .eh_frame      0x00000000000030d8       0x30 /home/kripa432/Code/sgx/graphene/LibOS/glibc-build/libc_pic.a(access.os)
 .eh_frame      0x0000000000003108       0x70 /home/kripa432/Code/sgx/graphene/LibOS/glibc-build/libc_pic.a(fcntl.os)
                                         0x68 (size before relaxing)
 .eh_frame      0x0000000000003178       0x30 /home/kripa432/Code/sgx/graphene/LibOS/glibc-build/libc_pic.a(close.os)
 .eh_frame      0x00000000000031a8       0x60 /home/kripa432/Code/sgx/graphene/LibOS/glibc-build/libc_pic.a(mmap.os)
 .eh_frame      0x0000000000003208       0x30 /home/kripa432/Code/sgx/graphene/LibOS/glibc-build/libc_pic.a(munmap.os)
 .eh_frame      0x0000000000003238       0x30 /home/kripa432/Code/sgx/graphene/LibOS/glibc-build/libc_pic.a(mprotect.os)
 .eh_frame      0x0000000000003268       0x30 /home/kripa432/Code/sgx/graphene/LibOS/glibc-build/libc_pic.a(llseek.os)
 .eh_frame      0x0000000000003298       0x80 /home/kripa432/Code/sgx/graphene/LibOS/glibc-build/libc_pic.a(profil.os)
 .eh_frame      0x0000000000003318       0x30 /home/kripa432/Code/sgx/graphene/LibOS/glibc-build/libc_pic.a(prof-freq.os)
 .eh_frame      0x0000000000003348       0x68 /home/kripa432/Code/sgx/graphene/LibOS/glibc-build/libc_pic.a(libc-lowlevellock.os)
                                         0x60 (size before relaxing)
 .eh_frame      0x00000000000033b0       0x48 /home/kripa432/Code/sgx/graphene/LibOS/glibc-build/libc_pic.a(libc-cancellation.os)
                                         0x40 (size before relaxing)
 .eh_frame      0x00000000000033f8       0xf0 /home/kripa432/Code/sgx/graphene/LibOS/glibc-build/libc_pic.a(sigaction.os)
                                         0xe8 (size before relaxing)
 .eh_frame      0x00000000000034e8       0x30 /home/kripa432/Code/sgx/graphene/LibOS/glibc-build/libc_pic.a(setitimer.os)
 .eh_frame      0x0000000000003518      0x3a8 /home/kripa432/Code/sgx/graphene/LibOS/glibc-build/libc_pic.a(forward.os)
                                        0x310 (size before relaxing)
 .eh_frame      0x00000000000038c0       0x58 /home/kripa432/Code/sgx/graphene/LibOS/glibc-build/libc_pic.a(exit.os)
 .eh_frame      0x0000000000003918       0xb8 /home/kripa432/Code/sgx/graphene/LibOS/glibc-build/libc_pic.a(cxa_atexit.os)
                                         0xb0 (size before relaxing)
 .eh_frame      0x00000000000039d0       0x80 /home/kripa432/Code/sgx/graphene/LibOS/glibc-build/libc_pic.a(cxa_thread_atexit_impl.os)

.gcc_except_table
 *(.gcc_except_table .gcc_except_table.*)

.gnu_extab
 *(.gnu_extab*)

.exception_ranges
 *(.exception_ranges .exception_ranges*)

.eh_frame
 *(.eh_frame)

.gnu_extab
 *(.gnu_extab)

.gcc_except_table
 *(.gcc_except_table .gcc_except_table.*)

.exception_ranges
 *(.exception_ranges .exception_ranges*)

.tdata
 *(.tdata)

.tbss           0x0000000000000000       0x18
 *(.tbss)
 .tbss          0x0000000000000000        0x4 /home/kripa432/Code/sgx/graphene/LibOS/glibc-build/libc_pic.a(errno.os)
                0x0000000000000000                errno
                0x0000000000000000                __libc_errno
 *fill*         0x0000000000000004        0x4 
 .tbss          0x0000000000000008       0x10 /home/kripa432/Code/sgx/graphene/LibOS/glibc-build/libc_pic.a(cxa_thread_atexit_impl.os)

.preinit_array
 *(.preinit_array)

.jcr
 *(.jcr)

.dynamic
 *(.dynamic)

.got
 *(.got)
 *(.igot)

.got.plt
 *(.got.plt)
 *(.igot.plt)

.data           0x0000000000000000      0xfb8
 *(.data)
 .data          0x0000000000000000      0xf78 /home/kripa432/Code/sgx/graphene/LibOS/glibc-build/elf/dl-allobjs.os
                0x0000000000000000                _rtld_global
                0x0000000000000000                _rtld_local
 .data          0x0000000000000f78        0x0 /home/kripa432/Code/sgx/graphene/LibOS/glibc-build/libc_pic.a(check_fds.os)
 .data          0x0000000000000f78        0x0 /home/kripa432/Code/sgx/graphene/LibOS/glibc-build/libc_pic.a(errno.os)
 .data          0x0000000000000f78        0x0 /home/kripa432/Code/sgx/graphene/LibOS/glibc-build/libc_pic.a(setjmp.os)
 .data          0x0000000000000f78        0x0 /home/kripa432/Code/sgx/graphene/LibOS/glibc-build/libc_pic.a(__longjmp.os)
 .data          0x0000000000000f78        0x0 /home/kripa432/Code/sgx/graphene/LibOS/glibc-build/libc_pic.a(strchr.os)
 .data          0x0000000000000f78        0x0 /home/kripa432/Code/sgx/graphene/LibOS/glibc-build/libc_pic.a(strcmp.os)
 .data          0x0000000000000f78        0x0 /home/kripa432/Code/sgx/graphene/LibOS/glibc-build/libc_pic.a(strdup.os)
 .data          0x0000000000000f78        0x0 /home/kripa432/Code/sgx/graphene/LibOS/glibc-build/libc_pic.a(strlen.os)
 .data          0x0000000000000f78        0x0 /home/kripa432/Code/sgx/graphene/LibOS/glibc-build/libc_pic.a(strnlen.os)
 .data          0x0000000000000f78        0x0 /home/kripa432/Code/sgx/graphene/LibOS/glibc-build/libc_pic.a(memchr.os)
 .data          0x0000000000000f78        0x0 /home/kripa432/Code/sgx/graphene/LibOS/glibc-build/libc_pic.a(memcmp.os)
 .data          0x0000000000000f78        0x0 /home/kripa432/Code/sgx/graphene/LibOS/glibc-build/libc_pic.a(memmove.os)
 .data          0x0000000000000f78        0x0 /home/kripa432/Code/sgx/graphene/LibOS/glibc-build/libc_pic.a(memset.os)
 .data          0x0000000000000f78        0x0 /home/kripa432/Code/sgx/graphene/LibOS/glibc-build/libc_pic.a(stpcpy.os)
 .data          0x0000000000000f78        0x0 /home/kripa432/Code/sgx/graphene/LibOS/glibc-build/libc_pic.a(memcpy.os)
 .data          0x0000000000000f78        0x0 /home/kripa432/Code/sgx/graphene/LibOS/glibc-build/libc_pic.a(wordcopy.os)
 .data          0x0000000000000f78        0x0 /home/kripa432/Code/sgx/graphene/LibOS/glibc-build/libc_pic.a(rawmemchr.os)
 .data          0x0000000000000f78        0x0 /home/kripa432/Code/sgx/graphene/LibOS/glibc-build/libc_pic.a(strcmp-ssse3.os)
 .data          0x0000000000000f78        0x0 /home/kripa432/Code/sgx/graphene/LibOS/glibc-build/libc_pic.a(strcmp-sse2-unaligned.os)
 .data          0x0000000000000f78        0x0 /home/kripa432/Code/sgx/graphene/LibOS/glibc-build/libc_pic.a(memcmp-sse4.os)
 .data          0x0000000000000f78        0x0 /home/kripa432/Code/sgx/graphene/LibOS/glibc-build/libc_pic.a(memcpy-ssse3.os)
 .data          0x0000000000000f78        0x0 /home/kripa432/Code/sgx/graphene/LibOS/glibc-build/libc_pic.a(memcpy-sse2-unaligned.os)
 .data          0x0000000000000f78        0x0 /home/kripa432/Code/sgx/graphene/LibOS/glibc-build/libc_pic.a(memcpy-avx512-no-vzeroupper.os)
 .data          0x0000000000000f78        0x0 /home/kripa432/Code/sgx/graphene/LibOS/glibc-build/libc_pic.a(memmove-ssse3.os)
 .data          0x0000000000000f78        0x0 /home/kripa432/Code/sgx/graphene/LibOS/glibc-build/libc_pic.a(memmove-avx-unaligned.os)
 .data          0x0000000000000f78        0x0 /home/kripa432/Code/sgx/graphene/LibOS/glibc-build/libc_pic.a(memcpy-avx-unaligned.os)
 .data          0x0000000000000f78        0x0 /home/kripa432/Code/sgx/graphene/LibOS/glibc-build/libc_pic.a(memmove-ssse3-back.os)
 .data          0x0000000000000f78        0x0 /home/kripa432/Code/sgx/graphene/LibOS/glibc-build/libc_pic.a(memmove-avx512-no-vzeroupper.os)
 .data          0x0000000000000f78        0x0 /home/kripa432/Code/sgx/graphene/LibOS/glibc-build/libc_pic.a(stpcpy-ssse3.os)
 .data          0x0000000000000f78        0x0 /home/kripa432/Code/sgx/graphene/LibOS/glibc-build/libc_pic.a(stpcpy-sse2-unaligned.os)
 .data          0x0000000000000f78        0x0 /home/kripa432/Code/sgx/graphene/LibOS/glibc-build/libc_pic.a(strchr-sse2-no-bsf.os)
 .data          0x0000000000000f78        0x0 /home/kripa432/Code/sgx/graphene/LibOS/glibc-build/libc_pic.a(memcmp-ssse3.os)
 .data          0x0000000000000f78        0x0 /home/kripa432/Code/sgx/graphene/LibOS/glibc-build/libc_pic.a(memset-avx2.os)
 .data          0x0000000000000f78        0x0 /home/kripa432/Code/sgx/graphene/LibOS/glibc-build/libc_pic.a(memset-avx512-no-vzeroupper.os)
 .data          0x0000000000000f78       0x40 /home/kripa432/Code/sgx/graphene/LibOS/glibc-build/libc_pic.a(cacheinfo.os)
                0x0000000000000f78                __x86_raw_shared_cache_size
                0x0000000000000f80                __x86_raw_shared_cache_size_half
                0x0000000000000f88                __x86_shared_cache_size
                0x0000000000000f90                __x86_shared_cache_size_half
                0x0000000000000f98                __x86_raw_data_cache_size
                0x0000000000000fa0                __x86_raw_data_cache_size_half
                0x0000000000000fa8                __x86_data_cache_size
                0x0000000000000fb0                __x86_data_cache_size_half
 .data          0x0000000000000fb8        0x0 /home/kripa432/Code/sgx/graphene/LibOS/glibc-build/libc_pic.a(closedir.os)
 .data          0x0000000000000fb8        0x0 /home/kripa432/Code/sgx/graphene/LibOS/glibc-build/libc_pic.a(readdir.os)
 .data          0x0000000000000fb8        0x0 /home/kripa432/Code/sgx/graphene/LibOS/glibc-build/libc_pic.a(rewinddir.os)
 .data          0x0000000000000fb8        0x0 /home/kripa432/Code/sgx/graphene/LibOS/glibc-build/libc_pic.a(getdents.os)
 .data          0x0000000000000fb8        0x0 /home/kripa432/Code/sgx/graphene/LibOS/glibc-build/libc_pic.a(fdopendir.os)
 .data          0x0000000000000fb8        0x0 /home/kripa432/Code/sgx/graphene/LibOS/glibc-build/libc_pic.a(uname.os)
 .data          0x0000000000000fb8        0x0 /home/kripa432/Code/sgx/graphene/LibOS/glibc-build/libc_pic.a(_exit.os)
 .data          0x0000000000000fb8        0x0 /home/kripa432/Code/sgx/graphene/LibOS/glibc-build/libc_pic.a(getpid.os)
 .data          0x0000000000000fb8        0x0 /home/kripa432/Code/sgx/graphene/LibOS/glibc-build/libc_pic.a(environ.os)
 .data          0x0000000000000fb8        0x0 /home/kripa432/Code/sgx/graphene/LibOS/glibc-build/libc_pic.a(xstat.os)
 .data          0x0000000000000fb8        0x0 /home/kripa432/Code/sgx/graphene/LibOS/glibc-build/libc_pic.a(fxstat.os)
 .data          0x0000000000000fb8        0x0 /home/kripa432/Code/sgx/graphene/LibOS/glibc-build/libc_pic.a(lxstat.os)
 .data          0x0000000000000fb8        0x0 /home/kripa432/Code/sgx/graphene/LibOS/glibc-build/libc_pic.a(open.os)
 .data          0x0000000000000fb8        0x0 /home/kripa432/Code/sgx/graphene/LibOS/glibc-build/libc_pic.a(read.os)
 .data          0x0000000000000fb8        0x0 /home/kripa432/Code/sgx/graphene/LibOS/glibc-build/libc_pic.a(write.os)
 .data          0x0000000000000fb8        0x0 /home/kripa432/Code/sgx/graphene/LibOS/glibc-build/libc_pic.a(access.os)
 .data          0x0000000000000fb8        0x0 /home/kripa432/Code/sgx/graphene/LibOS/glibc-build/libc_pic.a(fcntl.os)
 .data          0x0000000000000fb8        0x0 /home/kripa432/Code/sgx/graphene/LibOS/glibc-build/libc_pic.a(close.os)
 .data          0x0000000000000fb8        0x0 /home/kripa432/Code/sgx/graphene/LibOS/glibc-build/libc_pic.a(mmap.os)
 .data          0x0000000000000fb8        0x0 /home/kripa432/Code/sgx/graphene/LibOS/glibc-build/libc_pic.a(munmap.os)
 .data          0x0000000000000fb8        0x0 /home/kripa432/Code/sgx/graphene/LibOS/glibc-build/libc_pic.a(mprotect.os)
 .data          0x0000000000000fb8        0x0 /home/kripa432/Code/sgx/graphene/LibOS/glibc-build/libc_pic.a(llseek.os)
 .data          0x0000000000000fb8        0x0 /home/kripa432/Code/sgx/graphene/LibOS/glibc-build/libc_pic.a(profil.os)
 .data          0x0000000000000fb8        0x0 /home/kripa432/Code/sgx/graphene/LibOS/glibc-build/libc_pic.a(prof-freq.os)
 .data          0x0000000000000fb8        0x0 /home/kripa432/Code/sgx/graphene/LibOS/glibc-build/libc_pic.a(libc-lowlevellock.os)
 .data          0x0000000000000fb8        0x0 /home/kripa432/Code/sgx/graphene/LibOS/glibc-build/libc_pic.a(libc-cancellation.os)
 .data          0x0000000000000fb8        0x0 /home/kripa432/Code/sgx/graphene/LibOS/glibc-build/libc_pic.a(libc_multiple_threads.os)
 .data          0x0000000000000fb8        0x0 /home/kripa432/Code/sgx/graphene/LibOS/glibc-build/libc_pic.a(sigaction.os)
 .data          0x0000000000000fb8        0x0 /home/kripa432/Code/sgx/graphene/LibOS/glibc-build/libc_pic.a(setitimer.os)
 .data          0x0000000000000fb8        0x0 /home/kripa432/Code/sgx/graphene/LibOS/glibc-build/libc_pic.a(forward.os)
 .data          0x0000000000000fb8        0x0 /home/kripa432/Code/sgx/graphene/LibOS/glibc-build/libc_pic.a(exit.os)
 .data          0x0000000000000fb8        0x0 /home/kripa432/Code/sgx/graphene/LibOS/glibc-build/libc_pic.a(cxa_atexit.os)
 .data          0x0000000000000fb8        0x0 /home/kripa432/Code/sgx/graphene/LibOS/glibc-build/libc_pic.a(cxa_thread_atexit_impl.os)

.data.rel.ro    0x0000000000000000      0x29c
 .data.rel.ro   0x0000000000000000      0x29c /home/kripa432/Code/sgx/graphene/LibOS/glibc-build/elf/dl-allobjs.os
                0x0000000000000000                _rtld_global_ro
                0x0000000000000000                _rtld_local_ro
                0x0000000000000170                _dl_argc
                0x0000000000000178                __GI__dl_argv
                0x0000000000000178                _dl_argv
                0x0000000000000180                _dl_skip_args
                0x0000000000000188                __pointer_chk_guard_local
                0x0000000000000280                __stack_prot
                0x0000000000000288                _dl_random
                0x0000000000000290                __libc_stack_end
                0x0000000000000290                __GI___libc_stack_end
                0x0000000000000298                __GI___libc_enable_secure
                0x0000000000000298                __libc_enable_secure

.init_array     0x0000000000000000        0x8
 .init_array    0x0000000000000000        0x8 /home/kripa432/Code/sgx/graphene/LibOS/glibc-build/libc_pic.a(cacheinfo.os)

.data.rel.local
                0x0000000000000000        0x8
 .data.rel.local
                0x0000000000000000        0x8 /home/kripa432/Code/sgx/graphene/LibOS/glibc-build/libc_pic.a(cxa_atexit.os)
                0x0000000000000000                __exit_funcs

.data1
 *(.data1)

.bss            0x0000000000000000      0x614
 *(.dynbss)
 *(.bss)
 .bss           0x0000000000000000      0x110 /home/kripa432/Code/sgx/graphene/LibOS/glibc-build/elf/dl-allobjs.os
                0x00000000000000e8                __libc_multiple_libcs
                0x0000000000000108                __curbrk
 .bss           0x0000000000000110        0x0 /home/kripa432/Code/sgx/graphene/LibOS/glibc-build/libc_pic.a(check_fds.os)
 .bss           0x0000000000000110        0x0 /home/kripa432/Code/sgx/graphene/LibOS/glibc-build/libc_pic.a(errno.os)
 .bss           0x0000000000000110        0x0 /home/kripa432/Code/sgx/graphene/LibOS/glibc-build/libc_pic.a(setjmp.os)
 .bss           0x0000000000000110        0x0 /home/kripa432/Code/sgx/graphene/LibOS/glibc-build/libc_pic.a(__longjmp.os)
 .bss           0x0000000000000110        0x0 /home/kripa432/Code/sgx/graphene/LibOS/glibc-build/libc_pic.a(strchr.os)
 .bss           0x0000000000000110        0x0 /home/kripa432/Code/sgx/graphene/LibOS/glibc-build/libc_pic.a(strcmp.os)
 .bss           0x0000000000000110        0x0 /home/kripa432/Code/sgx/graphene/LibOS/glibc-build/libc_pic.a(strdup.os)
 .bss           0x0000000000000110        0x0 /home/kripa432/Code/sgx/graphene/LibOS/glibc-build/libc_pic.a(strlen.os)
 .bss           0x0000000000000110        0x0 /home/kripa432/Code/sgx/graphene/LibOS/glibc-build/libc_pic.a(strnlen.os)
 .bss           0x0000000000000110        0x0 /home/kripa432/Code/sgx/graphene/LibOS/glibc-build/libc_pic.a(memchr.os)
 .bss           0x0000000000000110        0x0 /home/kripa432/Code/sgx/graphene/LibOS/glibc-build/libc_pic.a(memcmp.os)
 .bss           0x0000000000000110        0x0 /home/kripa432/Code/sgx/graphene/LibOS/glibc-build/libc_pic.a(memmove.os)
 .bss           0x0000000000000110        0x0 /home/kripa432/Code/sgx/graphene/LibOS/glibc-build/libc_pic.a(memset.os)
 .bss           0x0000000000000110        0x0 /home/kripa432/Code/sgx/graphene/LibOS/glibc-build/libc_pic.a(stpcpy.os)
 .bss           0x0000000000000110        0x0 /home/kripa432/Code/sgx/graphene/LibOS/glibc-build/libc_pic.a(memcpy.os)
 .bss           0x0000000000000110        0x0 /home/kripa432/Code/sgx/graphene/LibOS/glibc-build/libc_pic.a(wordcopy.os)
 .bss           0x0000000000000110        0x0 /home/kripa432/Code/sgx/graphene/LibOS/glibc-build/libc_pic.a(rawmemchr.os)
 .bss           0x0000000000000110        0x0 /home/kripa432/Code/sgx/graphene/LibOS/glibc-build/libc_pic.a(strcmp-ssse3.os)
 .bss           0x0000000000000110        0x0 /home/kripa432/Code/sgx/graphene/LibOS/glibc-build/libc_pic.a(strcmp-sse2-unaligned.os)
 .bss           0x0000000000000110        0x0 /home/kripa432/Code/sgx/graphene/LibOS/glibc-build/libc_pic.a(memcmp-sse4.os)
 .bss           0x0000000000000110        0x0 /home/kripa432/Code/sgx/graphene/LibOS/glibc-build/libc_pic.a(memcpy-ssse3.os)
 .bss           0x0000000000000110        0x0 /home/kripa432/Code/sgx/graphene/LibOS/glibc-build/libc_pic.a(memcpy-sse2-unaligned.os)
 .bss           0x0000000000000110        0x0 /home/kripa432/Code/sgx/graphene/LibOS/glibc-build/libc_pic.a(memcpy-avx512-no-vzeroupper.os)
 .bss           0x0000000000000110        0x0 /home/kripa432/Code/sgx/graphene/LibOS/glibc-build/libc_pic.a(memmove-ssse3.os)
 .bss           0x0000000000000110        0x0 /home/kripa432/Code/sgx/graphene/LibOS/glibc-build/libc_pic.a(memmove-avx-unaligned.os)
 .bss           0x0000000000000110        0x0 /home/kripa432/Code/sgx/graphene/LibOS/glibc-build/libc_pic.a(memcpy-avx-unaligned.os)
 .bss           0x0000000000000110        0x0 /home/kripa432/Code/sgx/graphene/LibOS/glibc-build/libc_pic.a(memmove-ssse3-back.os)
 .bss           0x0000000000000110        0x0 /home/kripa432/Code/sgx/graphene/LibOS/glibc-build/libc_pic.a(memmove-avx512-no-vzeroupper.os)
 .bss           0x0000000000000110        0x0 /home/kripa432/Code/sgx/graphene/LibOS/glibc-build/libc_pic.a(stpcpy-ssse3.os)
 .bss           0x0000000000000110        0x0 /home/kripa432/Code/sgx/graphene/LibOS/glibc-build/libc_pic.a(stpcpy-sse2-unaligned.os)
 .bss           0x0000000000000110        0x0 /home/kripa432/Code/sgx/graphene/LibOS/glibc-build/libc_pic.a(strchr-sse2-no-bsf.os)
 .bss           0x0000000000000110        0x0 /home/kripa432/Code/sgx/graphene/LibOS/glibc-build/libc_pic.a(memcmp-ssse3.os)
 .bss           0x0000000000000110        0x0 /home/kripa432/Code/sgx/graphene/LibOS/glibc-build/libc_pic.a(memset-avx2.os)
 .bss           0x0000000000000110        0x0 /home/kripa432/Code/sgx/graphene/LibOS/glibc-build/libc_pic.a(memset-avx512-no-vzeroupper.os)
 .bss           0x0000000000000110        0x0 /home/kripa432/Code/sgx/graphene/LibOS/glibc-build/libc_pic.a(cacheinfo.os)
 .bss           0x0000000000000110        0x0 /home/kripa432/Code/sgx/graphene/LibOS/glibc-build/libc_pic.a(closedir.os)
 .bss           0x0000000000000110        0x0 /home/kripa432/Code/sgx/graphene/LibOS/glibc-build/libc_pic.a(readdir.os)
 .bss           0x0000000000000110        0x0 /home/kripa432/Code/sgx/graphene/LibOS/glibc-build/libc_pic.a(rewinddir.os)
 .bss           0x0000000000000110        0x0 /home/kripa432/Code/sgx/graphene/LibOS/glibc-build/libc_pic.a(getdents.os)
 .bss           0x0000000000000110        0x0 /home/kripa432/Code/sgx/graphene/LibOS/glibc-build/libc_pic.a(fdopendir.os)
 .bss           0x0000000000000110        0x0 /home/kripa432/Code/sgx/graphene/LibOS/glibc-build/libc_pic.a(uname.os)
 .bss           0x0000000000000110        0x0 /home/kripa432/Code/sgx/graphene/LibOS/glibc-build/libc_pic.a(_exit.os)
 .bss           0x0000000000000110        0x0 /home/kripa432/Code/sgx/graphene/LibOS/glibc-build/libc_pic.a(getpid.os)
 .bss           0x0000000000000110        0x8 /home/kripa432/Code/sgx/graphene/LibOS/glibc-build/libc_pic.a(environ.os)
                0x0000000000000110                _environ
                0x0000000000000110                __environ
                0x0000000000000110                environ
 .bss           0x0000000000000118        0x0 /home/kripa432/Code/sgx/graphene/LibOS/glibc-build/libc_pic.a(xstat.os)
 .bss           0x0000000000000118        0x0 /home/kripa432/Code/sgx/graphene/LibOS/glibc-build/libc_pic.a(fxstat.os)
 .bss           0x0000000000000118        0x0 /home/kripa432/Code/sgx/graphene/LibOS/glibc-build/libc_pic.a(lxstat.os)
 .bss           0x0000000000000118        0x0 /home/kripa432/Code/sgx/graphene/LibOS/glibc-build/libc_pic.a(open.os)
 .bss           0x0000000000000118        0x0 /home/kripa432/Code/sgx/graphene/LibOS/glibc-build/libc_pic.a(read.os)
 .bss           0x0000000000000118        0x0 /home/kripa432/Code/sgx/graphene/LibOS/glibc-build/libc_pic.a(write.os)
 .bss           0x0000000000000118        0x0 /home/kripa432/Code/sgx/graphene/LibOS/glibc-build/libc_pic.a(access.os)
 .bss           0x0000000000000118        0x0 /home/kripa432/Code/sgx/graphene/LibOS/glibc-build/libc_pic.a(fcntl.os)
 .bss           0x0000000000000118        0x0 /home/kripa432/Code/sgx/graphene/LibOS/glibc-build/libc_pic.a(close.os)
 .bss           0x0000000000000118        0x0 /home/kripa432/Code/sgx/graphene/LibOS/glibc-build/libc_pic.a(mmap.os)
 .bss           0x0000000000000118        0x0 /home/kripa432/Code/sgx/graphene/LibOS/glibc-build/libc_pic.a(munmap.os)
 .bss           0x0000000000000118        0x0 /home/kripa432/Code/sgx/graphene/LibOS/glibc-build/libc_pic.a(mprotect.os)
 .bss           0x0000000000000118        0x0 /home/kripa432/Code/sgx/graphene/LibOS/glibc-build/libc_pic.a(llseek.os)
 *fill*         0x0000000000000118        0x8 
 .bss           0x0000000000000120       0xe0 /home/kripa432/Code/sgx/graphene/LibOS/glibc-build/libc_pic.a(profil.os)
 .bss           0x0000000000000200        0x0 /home/kripa432/Code/sgx/graphene/LibOS/glibc-build/libc_pic.a(prof-freq.os)
 .bss           0x0000000000000200        0x0 /home/kripa432/Code/sgx/graphene/LibOS/glibc-build/libc_pic.a(libc-lowlevellock.os)
 .bss           0x0000000000000200        0x0 /home/kripa432/Code/sgx/graphene/LibOS/glibc-build/libc_pic.a(libc-cancellation.os)
 .bss           0x0000000000000200        0x0 /home/kripa432/Code/sgx/graphene/LibOS/glibc-build/libc_pic.a(libc_multiple_threads.os)
 .bss           0x0000000000000200        0x0 /home/kripa432/Code/sgx/graphene/LibOS/glibc-build/libc_pic.a(sigaction.os)
 .bss           0x0000000000000200        0x0 /home/kripa432/Code/sgx/graphene/LibOS/glibc-build/libc_pic.a(setitimer.os)
 .bss           0x0000000000000200        0x0 /home/kripa432/Code/sgx/graphene/LibOS/glibc-build/libc_pic.a(forward.os)
 .bss           0x0000000000000200        0x0 /home/kripa432/Code/sgx/graphene/LibOS/glibc-build/libc_pic.a(exit.os)
 .bss           0x0000000000000200      0x414 /home/kripa432/Code/sgx/graphene/LibOS/glibc-build/libc_pic.a(cxa_atexit.os)
 .bss           0x0000000000000614        0x0 /home/kripa432/Code/sgx/graphene/LibOS/glibc-build/libc_pic.a(cxa_thread_atexit_impl.os)
 *(COMMON)
 COMMON         0x0000000000000614        0x0 /home/kripa432/Code/sgx/graphene/LibOS/glibc-build/elf/dl-allobjs.os
 COMMON         0x0000000000000614        0x0 /home/kripa432/Code/sgx/graphene/LibOS/glibc-build/libc_pic.a(cacheinfo.os)
 COMMON         0x0000000000000614        0x0 /home/kripa432/Code/sgx/graphene/LibOS/glibc-build/libc_pic.a(libc_multiple_threads.os)
 COMMON         0x0000000000000614        0x0 /home/kripa432/Code/sgx/graphene/LibOS/glibc-build/libc_pic.a(forward.os)
 COMMON         0x0000000000000614        0x0 /home/kripa432/Code/sgx/graphene/LibOS/glibc-build/libc_pic.a(cxa_atexit.os)

.lbss
 *(.dynlbss)
 *(.lbss)
 *(LARGE_COMMON)

.lrodata
 *(.lrodata)

.ldata
 *(.ldata)

.stab
 *(.stab)

.stabstr
 *(.stabstr)

.stab.excl
 *(.stab.excl)

.stab.exclstr
 *(.stab.exclstr)

.stab.index
 *(.stab.index)

.stab.indexstr
 *(.stab.indexstr)

.comment        0x0000000000000000      0xd4a
 *(.comment)
 .comment       0x0000000000000000      0x798 /home/kripa432/Code/sgx/graphene/LibOS/glibc-build/elf/dl-allobjs.os
 .comment       0x0000000000000798       0x36 /home/kripa432/Code/sgx/graphene/LibOS/glibc-build/libc_pic.a(check_fds.os)
 .comment       0x00000000000007ce       0x36 /home/kripa432/Code/sgx/graphene/LibOS/glibc-build/libc_pic.a(errno.os)
 .comment       0x0000000000000804       0x36 /home/kripa432/Code/sgx/graphene/LibOS/glibc-build/libc_pic.a(strdup.os)
 .comment       0x000000000000083a       0x36 /home/kripa432/Code/sgx/graphene/LibOS/glibc-build/libc_pic.a(memmove.os)
 .comment       0x0000000000000870       0x36 /home/kripa432/Code/sgx/graphene/LibOS/glibc-build/libc_pic.a(wordcopy.os)
 .comment       0x00000000000008a6       0x36 /home/kripa432/Code/sgx/graphene/LibOS/glibc-build/libc_pic.a(cacheinfo.os)
 .comment       0x00000000000008dc       0x36 /home/kripa432/Code/sgx/graphene/LibOS/glibc-build/libc_pic.a(closedir.os)
 .comment       0x0000000000000912       0x36 /home/kripa432/Code/sgx/graphene/LibOS/glibc-build/libc_pic.a(readdir.os)
 .comment       0x0000000000000948       0x36 /home/kripa432/Code/sgx/graphene/LibOS/glibc-build/libc_pic.a(rewinddir.os)
 .comment       0x000000000000097e       0x36 /home/kripa432/Code/sgx/graphene/LibOS/glibc-build/libc_pic.a(getdents.os)
 .comment       0x00000000000009b4       0x36 /home/kripa432/Code/sgx/graphene/LibOS/glibc-build/libc_pic.a(fdopendir.os)
 .comment       0x00000000000009ea       0x36 /home/kripa432/Code/sgx/graphene/LibOS/glibc-build/libc_pic.a(_exit.os)
 .comment       0x0000000000000a20       0x36 /home/kripa432/Code/sgx/graphene/LibOS/glibc-build/libc_pic.a(getpid.os)
 .comment       0x0000000000000a56       0x36 /home/kripa432/Code/sgx/graphene/LibOS/glibc-build/libc_pic.a(environ.os)
 .comment       0x0000000000000a8c       0x36 /home/kripa432/Code/sgx/graphene/LibOS/glibc-build/libc_pic.a(xstat.os)
 .comment       0x0000000000000ac2       0x36 /home/kripa432/Code/sgx/graphene/LibOS/glibc-build/libc_pic.a(fxstat.os)
 .comment       0x0000000000000af8       0x36 /home/kripa432/Code/sgx/graphene/LibOS/glibc-build/libc_pic.a(lxstat.os)
 .comment       0x0000000000000b2e       0x36 /home/kripa432/Code/sgx/graphene/LibOS/glibc-build/libc_pic.a(fcntl.os)
 .comment       0x0000000000000b64       0x36 /home/kripa432/Code/sgx/graphene/LibOS/glibc-build/libc_pic.a(mmap.os)
 .comment       0x0000000000000b9a       0x36 /home/kripa432/Code/sgx/graphene/LibOS/glibc-build/libc_pic.a(profil.os)
 .comment       0x0000000000000bd0       0x36 /home/kripa432/Code/sgx/graphene/LibOS/glibc-build/libc_pic.a(prof-freq.os)
 .comment       0x0000000000000c06       0x36 /home/kripa432/Code/sgx/graphene/LibOS/glibc-build/libc_pic.a(libc_multiple_threads.os)
 .comment       0x0000000000000c3c       0x36 /home/kripa432/Code/sgx/graphene/LibOS/glibc-build/libc_pic.a(sigaction.os)
 .comment       0x0000000000000c72       0x36 /home/kripa432/Code/sgx/graphene/LibOS/glibc-build/libc_pic.a(forward.os)
 .comment       0x0000000000000ca8       0x36 /home/kripa432/Code/sgx/graphene/LibOS/glibc-build/libc_pic.a(exit.os)
 .comment       0x0000000000000cde       0x36 /home/kripa432/Code/sgx/graphene/LibOS/glibc-build/libc_pic.a(cxa_atexit.os)
 .comment       0x0000000000000d14       0x36 /home/kripa432/Code/sgx/graphene/LibOS/glibc-build/libc_pic.a(cxa_thread_atexit_impl.os)

.note.GNU-stack
                0x0000000000000000        0x0
 .note.GNU-stack
                0x0000000000000000        0x0 /home/kripa432/Code/sgx/graphene/LibOS/glibc-build/elf/dl-allobjs.os
 .note.GNU-stack
                0x0000000000000000        0x0 /home/kripa432/Code/sgx/graphene/LibOS/glibc-build/libc_pic.a(check_fds.os)
 .note.GNU-stack
                0x0000000000000000        0x0 /home/kripa432/Code/sgx/graphene/LibOS/glibc-build/libc_pic.a(errno.os)
 .note.GNU-stack
                0x0000000000000000        0x0 /home/kripa432/Code/sgx/graphene/LibOS/glibc-build/libc_pic.a(setjmp.os)
 .note.GNU-stack
                0x0000000000000000        0x0 /home/kripa432/Code/sgx/graphene/LibOS/glibc-build/libc_pic.a(__longjmp.os)
 .note.GNU-stack
                0x0000000000000000        0x0 /home/kripa432/Code/sgx/graphene/LibOS/glibc-build/libc_pic.a(strchr.os)
 .note.GNU-stack
                0x0000000000000000        0x0 /home/kripa432/Code/sgx/graphene/LibOS/glibc-build/libc_pic.a(strcmp.os)
 .note.GNU-stack
                0x0000000000000000        0x0 /home/kripa432/Code/sgx/graphene/LibOS/glibc-build/libc_pic.a(strdup.os)
 .note.GNU-stack
                0x0000000000000000        0x0 /home/kripa432/Code/sgx/graphene/LibOS/glibc-build/libc_pic.a(strlen.os)
 .note.GNU-stack
                0x0000000000000000        0x0 /home/kripa432/Code/sgx/graphene/LibOS/glibc-build/libc_pic.a(strnlen.os)
 .note.GNU-stack
                0x0000000000000000        0x0 /home/kripa432/Code/sgx/graphene/LibOS/glibc-build/libc_pic.a(memchr.os)
 .note.GNU-stack
                0x0000000000000000        0x0 /home/kripa432/Code/sgx/graphene/LibOS/glibc-build/libc_pic.a(memcmp.os)
 .note.GNU-stack
                0x0000000000000000        0x0 /home/kripa432/Code/sgx/graphene/LibOS/glibc-build/libc_pic.a(memmove.os)
 .note.GNU-stack
                0x0000000000000000        0x0 /home/kripa432/Code/sgx/graphene/LibOS/glibc-build/libc_pic.a(memset.os)
 .note.GNU-stack
                0x0000000000000000        0x0 /home/kripa432/Code/sgx/graphene/LibOS/glibc-build/libc_pic.a(stpcpy.os)
 .note.GNU-stack
                0x0000000000000000        0x0 /home/kripa432/Code/sgx/graphene/LibOS/glibc-build/libc_pic.a(memcpy.os)
 .note.GNU-stack
                0x0000000000000000        0x0 /home/kripa432/Code/sgx/graphene/LibOS/glibc-build/libc_pic.a(wordcopy.os)
 .note.GNU-stack
                0x0000000000000000        0x0 /home/kripa432/Code/sgx/graphene/LibOS/glibc-build/libc_pic.a(rawmemchr.os)
 .note.GNU-stack
                0x0000000000000000        0x0 /home/kripa432/Code/sgx/graphene/LibOS/glibc-build/libc_pic.a(strcmp-ssse3.os)
 .note.GNU-stack
                0x0000000000000000        0x0 /home/kripa432/Code/sgx/graphene/LibOS/glibc-build/libc_pic.a(strcmp-sse2-unaligned.os)
 .note.GNU-stack
                0x0000000000000000        0x0 /home/kripa432/Code/sgx/graphene/LibOS/glibc-build/libc_pic.a(memcmp-sse4.os)
 .note.GNU-stack
                0x0000000000000000        0x0 /home/kripa432/Code/sgx/graphene/LibOS/glibc-build/libc_pic.a(memcpy-ssse3.os)
 .note.GNU-stack
                0x0000000000000000        0x0 /home/kripa432/Code/sgx/graphene/LibOS/glibc-build/libc_pic.a(memcpy-sse2-unaligned.os)
 .note.GNU-stack
                0x0000000000000000        0x0 /home/kripa432/Code/sgx/graphene/LibOS/glibc-build/libc_pic.a(memcpy-avx512-no-vzeroupper.os)
 .note.GNU-stack
                0x0000000000000000        0x0 /home/kripa432/Code/sgx/graphene/LibOS/glibc-build/libc_pic.a(memmove-ssse3.os)
 .note.GNU-stack
                0x0000000000000000        0x0 /home/kripa432/Code/sgx/graphene/LibOS/glibc-build/libc_pic.a(memmove-avx-unaligned.os)
 .note.GNU-stack
                0x0000000000000000        0x0 /home/kripa432/Code/sgx/graphene/LibOS/glibc-build/libc_pic.a(memcpy-avx-unaligned.os)
 .note.GNU-stack
                0x0000000000000000        0x0 /home/kripa432/Code/sgx/graphene/LibOS/glibc-build/libc_pic.a(memmove-ssse3-back.os)
 .note.GNU-stack
                0x0000000000000000        0x0 /home/kripa432/Code/sgx/graphene/LibOS/glibc-build/libc_pic.a(memmove-avx512-no-vzeroupper.os)
 .note.GNU-stack
                0x0000000000000000        0x0 /home/kripa432/Code/sgx/graphene/LibOS/glibc-build/libc_pic.a(stpcpy-ssse3.os)
 .note.GNU-stack
                0x0000000000000000        0x0 /home/kripa432/Code/sgx/graphene/LibOS/glibc-build/libc_pic.a(stpcpy-sse2-unaligned.os)
 .note.GNU-stack
                0x0000000000000000        0x0 /home/kripa432/Code/sgx/graphene/LibOS/glibc-build/libc_pic.a(strchr-sse2-no-bsf.os)
 .note.GNU-stack
                0x0000000000000000        0x0 /home/kripa432/Code/sgx/graphene/LibOS/glibc-build/libc_pic.a(memcmp-ssse3.os)
 .note.GNU-stack
                0x0000000000000000        0x0 /home/kripa432/Code/sgx/graphene/LibOS/glibc-build/libc_pic.a(memset-avx2.os)
 .note.GNU-stack
                0x0000000000000000        0x0 /home/kripa432/Code/sgx/graphene/LibOS/glibc-build/libc_pic.a(memset-avx512-no-vzeroupper.os)
 .note.GNU-stack
                0x0000000000000000        0x0 /home/kripa432/Code/sgx/graphene/LibOS/glibc-build/libc_pic.a(cacheinfo.os)
 .note.GNU-stack
                0x0000000000000000        0x0 /home/kripa432/Code/sgx/graphene/LibOS/glibc-build/libc_pic.a(closedir.os)
 .note.GNU-stack
                0x0000000000000000        0x0 /home/kripa432/Code/sgx/graphene/LibOS/glibc-build/libc_pic.a(readdir.os)
 .note.GNU-stack
                0x0000000000000000        0x0 /home/kripa432/Code/sgx/graphene/LibOS/glibc-build/libc_pic.a(rewinddir.os)
 .note.GNU-stack
                0x0000000000000000        0x0 /home/kripa432/Code/sgx/graphene/LibOS/glibc-build/libc_pic.a(getdents.os)
 .note.GNU-stack
                0x0000000000000000        0x0 /home/kripa432/Code/sgx/graphene/LibOS/glibc-build/libc_pic.a(fdopendir.os)
 .note.GNU-stack
                0x0000000000000000        0x0 /home/kripa432/Code/sgx/graphene/LibOS/glibc-build/libc_pic.a(uname.os)
 .note.GNU-stack
                0x0000000000000000        0x0 /home/kripa432/Code/sgx/graphene/LibOS/glibc-build/libc_pic.a(_exit.os)
 .note.GNU-stack
                0x0000000000000000        0x0 /home/kripa432/Code/sgx/graphene/LibOS/glibc-build/libc_pic.a(getpid.os)
 .note.GNU-stack
                0x0000000000000000        0x0 /home/kripa432/Code/sgx/graphene/LibOS/glibc-build/libc_pic.a(environ.os)
 .note.GNU-stack
                0x0000000000000000        0x0 /home/kripa432/Code/sgx/graphene/LibOS/glibc-build/libc_pic.a(xstat.os)
 .note.GNU-stack
                0x0000000000000000        0x0 /home/kripa432/Code/sgx/graphene/LibOS/glibc-build/libc_pic.a(fxstat.os)
 .note.GNU-stack
                0x0000000000000000        0x0 /home/kripa432/Code/sgx/graphene/LibOS/glibc-build/libc_pic.a(lxstat.os)
 .note.GNU-stack
                0x0000000000000000        0x0 /home/kripa432/Code/sgx/graphene/LibOS/glibc-build/libc_pic.a(open.os)
 .note.GNU-stack
                0x0000000000000000        0x0 /home/kripa432/Code/sgx/graphene/LibOS/glibc-build/libc_pic.a(read.os)
 .note.GNU-stack
                0x0000000000000000        0x0 /home/kripa432/Code/sgx/graphene/LibOS/glibc-build/libc_pic.a(write.os)
 .note.GNU-stack
                0x0000000000000000        0x0 /home/kripa432/Code/sgx/graphene/LibOS/glibc-build/libc_pic.a(access.os)
 .note.GNU-stack
                0x0000000000000000        0x0 /home/kripa432/Code/sgx/graphene/LibOS/glibc-build/libc_pic.a(fcntl.os)
 .note.GNU-stack
                0x0000000000000000        0x0 /home/kripa432/Code/sgx/graphene/LibOS/glibc-build/libc_pic.a(close.os)
 .note.GNU-stack
                0x0000000000000000        0x0 /home/kripa432/Code/sgx/graphene/LibOS/glibc-build/libc_pic.a(mmap.os)
 .note.GNU-stack
                0x0000000000000000        0x0 /home/kripa432/Code/sgx/graphene/LibOS/glibc-build/libc_pic.a(munmap.os)
 .note.GNU-stack
                0x0000000000000000        0x0 /home/kripa432/Code/sgx/graphene/LibOS/glibc-build/libc_pic.a(mprotect.os)
 .note.GNU-stack
                0x0000000000000000        0x0 /home/kripa432/Code/sgx/graphene/LibOS/glibc-build/libc_pic.a(llseek.os)
 .note.GNU-stack
                0x0000000000000000        0x0 /home/kripa432/Code/sgx/graphene/LibOS/glibc-build/libc_pic.a(profil.os)
 .note.GNU-stack
                0x0000000000000000        0x0 /home/kripa432/Code/sgx/graphene/LibOS/glibc-build/libc_pic.a(prof-freq.os)
 .note.GNU-stack
                0x0000000000000000        0x0 /home/kripa432/Code/sgx/graphene/LibOS/glibc-build/libc_pic.a(libc-lowlevellock.os)
 .note.GNU-stack
                0x0000000000000000        0x0 /home/kripa432/Code/sgx/graphene/LibOS/glibc-build/libc_pic.a(libc-cancellation.os)
 .note.GNU-stack
                0x0000000000000000        0x0 /home/kripa432/Code/sgx/graphene/LibOS/glibc-build/libc_pic.a(libc_multiple_threads.os)
 .note.GNU-stack
                0x0000000000000000        0x0 /home/kripa432/Code/sgx/graphene/LibOS/glibc-build/libc_pic.a(sigaction.os)
 .note.GNU-stack
                0x0000000000000000        0x0 /home/kripa432/Code/sgx/graphene/LibOS/glibc-build/libc_pic.a(setitimer.os)
 .note.GNU-stack
                0x0000000000000000        0x0 /home/kripa432/Code/sgx/graphene/LibOS/glibc-build/libc_pic.a(forward.os)
 .note.GNU-stack
                0x0000000000000000        0x0 /home/kripa432/Code/sgx/graphene/LibOS/glibc-build/libc_pic.a(exit.os)
 .note.GNU-stack
                0x0000000000000000        0x0 /home/kripa432/Code/sgx/graphene/LibOS/glibc-build/libc_pic.a(cxa_atexit.os)
 .note.GNU-stack
                0x0000000000000000        0x0 /home/kripa432/Code/sgx/graphene/LibOS/glibc-build/libc_pic.a(cxa_thread_atexit_impl.os)

.debug
 *(.debug)

.line
 *(.line)

.debug_srcinfo
 *(.debug_srcinfo)

.debug_sfnames
 *(.debug_sfnames)

.debug_aranges
 *(.debug_aranges)

.debug_pubnames
 *(.debug_pubnames)

.debug_info
 *(.debug_info)

.debug_abbrev
 *(.debug_abbrev)

.debug_line
 *(.debug_line .debug_line.* .debug_line_end)

.debug_frame
 *(.debug_frame)

.debug_str
 *(.debug_str)

.debug_loc
 *(.debug_loc)

.debug_macinfo
 *(.debug_macinfo)

.debug_weaknames
 *(.debug_weaknames)

.debug_funcnames
 *(.debug_funcnames)

.debug_typenames
 *(.debug_typenames)

.debug_varnames
 *(.debug_varnames)

.debug_pubtypes
 *(.debug_pubtypes)

.debug_ranges
 *(.debug_ranges)

.debug_macro
 *(.debug_macro)

.gnu.attributes
 *(.gnu.attributes)
OUTPUT(/home/kripa432/Code/sgx/graphene/LibOS/glibc-build/elf/librtld.map.o elf64-x86-64)